-------------------------------------------------------------------------------
      name:  <unnamed>
       log:  E:\analyses\ethnicity-covid-research/output/log\06b_eth_an_multiva
> riable_eth5.log
  log type:  text
 opened on:  28 Jul 2020, 21:54:16

. 
. cap file close tablecontent

. file open tablecontent using $Tabfigdir/table2_eth5.txt, write text replace

. file write tablecontent ("Table 2: Association between ethnicity in 16 catego
> ries and COVID-19 outcomes - Complete Case Analysis") _n

. file write tablecontent _tab ("Number of events") _tab ("Total person-weeks")
>  _tab ("Rate per 1,000") _tab ("Crude") _tab _tab ("Age/Sex Adjusted") _tab _
> tab ("Age/Sex/IMD Adjusted") _tab _tab        ("+ co-morbidities") _tab _tab 
>  ("+ household size)") _tab _tab _n

. file write tablecontent _tab _tab _tab _tab   ("HR") _tab ("95% CI") _tab ("H
> R") _tab ("95% CI") _tab ("HR") _tab ("95% CI") _tab ("HR") _tab ("95% CI") _
> tab ("HR") _tab ("95% CI") _n

. 
. 
. 
. foreach i of global outcomes {
  2. * Open Stata dataset
. use "$Tempdir/analysis_dataset_STSET_`i'.dta", clear
  3. 
. /* Sense check outcomes======================================================
> =*/ 
. 
. *safetab eth5 `i', missing row
. 
. 
. /* Main Model================================================================
> =*/
. 
. /* Univariable model */ 
. 
. noi cap stcox i.eth5 
  4. estimates save "$Tempdir/crude_`i'_eth5", replace 
  5. parmest, label eform format(estimate p lb ub) saving("$Tempdir/crude_`i'_e
> th5", replace) idstr("crude_`i'_eth5") 
  6. local hr "`hr' "$Tempdir/crude_`i'_eth5" "
  7. 
. 
. /* Multivariable models */ 
. *Age and gender
. noi cap stcox i.eth5 i.male age1 age2 age3, strata(stp)
  8. estimates save "$Tempdir/model0_`i'_eth5", replace 
  9. parmest, label eform format(estimate p lb ub) saving("$Tempdir/model0_`i'_
> eth5", replace) idstr("model0_`i'_eth5")
 10. local hr "`hr' "$Tempdir/model0_`i'_eth5" "
 11.  
. 
. * Age, Gender, IMD
. noi cap stcox i.eth5 i.male age1 age2 age3 i.imd, strata(stp)
 12. if _rc==0{
 13. estimates
 14. estimates save "$Tempdir/model1_`i'_eth5", replace 
 15. parmest, label eform format(estimate p lb ub) saving("$Tempdir/model1_`i'_
> eth5", replace) idstr("model1_`i'_eth5") 
 16. local hr "`hr' "$Tempdir/model1_`i'_eth5" "
 17. }
 18. else di "WARNING MODEL1 DID NOT FIT (OUTCOME `i')"
 19. 
. 
. * Age, Gender, IMD and Comorbidities  
. noi cap stcox i.eth5 i.male age1 age2 age3      i.imd                        
>                            ///
>                                                                              
>    bmi                                                     ///
>                                                                              
>    gp_consult_count                        ///
>                                                                              
>    i.smoke_nomiss                          ///
>                                                                              
>    i.htdiag_or_highbp                      ///     
>                                                                              
>    i.asthma                                        ///
>                                                                              
>    i.chronic_cardiac_disease       ///
>                                                                              
>    i.diabcat                                       ///     
>                                                                              
>    i.cancer                    ///
>                                                                              
>    i.chronic_liver_disease         ///
>                                                                              
>    i.stroke                                        ///
>                                                                              
>    i.dementia                                      ///
>                                                                              
>    i.other_neuro                           ///
>                                                                              
>    i.ckd                                           ///
>                                                                              
>    i.esrf                                          ///
>                                                                              
>    i.perm_immunodef                        ///
>                                                                              
>    i.temp_immunodef                        ///
>                                                                              
>    i.other_immuno                          ///
>                                                                              
>    i.ra_sle_psoriasis, strata(stp)         
 20. if _rc==0{
 21. estimates
 22. estimates save "$Tempdir/model2_`i'_eth5", replace 
 23. parmest, label eform format(estimate p lb ub) saving("$Tempdir/model2_`i'_
> eth5", replace) idstr("model2_`i'_eth5") 
 24. local hr "`hr' "$Tempdir/model2_`i'_eth5" "
 25. }
 26. else di "WARNING MODEL2 DID NOT FIT (OUTCOME `i')"
 27. 
.                                                                              
>    
. * Age, Gender, IMD and Comorbidities  and household size
. noi cap stcox i.eth5 i.male age1 age2 age3 i.imd i.hh_total_cat              
>                    ///
>                                                                              
>    bmi                                                     ///
>                                                                              
>    gp_consult_count                        ///
>                                                                              
>    i.smoke_nomiss                          ///
>                                                                              
>    i.htdiag_or_highbp                      ///     
>                                                                              
>    i.asthma                                        ///
>                                                                              
>    i.chronic_cardiac_disease       ///
>                                                                              
>    i.diabcat                                       ///     
>                                                                              
>    i.cancer                    ///
>                                                                              
>    i.chronic_liver_disease         ///
>                                                                              
>    i.stroke                                        ///
>                                                                              
>    i.dementia                                      ///
>                                                                              
>    i.other_neuro                           ///
>                                                                              
>    i.ckd                                           ///
>                                                                              
>    i.esrf                                          ///
>                                                                              
>    i.perm_immunodef                        ///
>                                                                              
>    i.temp_immunodef                        ///
>                                                                              
>    i.other_immuno                          ///
>                                                                              
>    i.ra_sle_psoriasis, strata(stp)                         
 28. if _rc==0{
 29. estimates
 30. estimates save "$Tempdir/model3_`i'_eth5", replace
 31. parmest, label eform format(estimate p lb ub) saving("$Tempdir/model3_`i'_
> eth5", replace) idstr("model3_`i'_eth5") 
 32. local hr "`hr' "$Tempdir/model3_`i'_eth5" "
 33. }
 34. else di "WARNING MODEL3 DID NOT FIT (OUTCOME `i')"
 35.                                                                           
>       
. /* Print table===============================================================
> =*/ 
. *  Print the results for the main model 
. 
. 
. * Column headings 
. file write tablecontent ("Outcome: `i'") _n
 36. 
. * Row headings 
. local lab1: label eth5 1
 37. local lab2: label eth5 2
 38. local lab3: label eth5 3
 39. local lab4: label eth5 4
 40. local lab5: label eth5 5
 41. 
. /* counts */
.  
. * First row, eth5 = 1 (White British) reference cat
.         safecount if eth5 == 1 & `i' == 1
 42.         local event = r(N)
 43.     bysort eth5: egen total_follow_up = total(_t)
 44.         qui su total_follow_up if eth5 == 1
 45.         local person_week = r(mean)/7
 46.         local rate = 1000*(`event'/`person_week')
 47.         
.         file write tablecontent  ("`lab1'") _tab (`event') _tab %10.0f (`pers
> on_week') _tab %3.2f (`rate') _tab
 48.         file write tablecontent ("1.00 (ref)") _tab _tab ("1.00 (ref)") _t
> ab _tab ("1.00 (ref)")  _tab _tab ("1.00 (ref)") _n
 49.         
. * Subsequent ethnic groups
. forvalues eth=2/5 {
 50. 
.         safecount if eth5 == `eth' & `i' == 1
 51.         local event = r(N)
 52.         qui su total_follow_up if eth5 == `eth'
 53.         local person_week = r(mean)/7
 54.         local rate = 1000*(`event'/`person_week')
 55.         file write tablecontent  ("`lab`eth''") _tab   (`event') _tab %10.
> 0f (`person_week') _tab %3.2f (`rate') _tab  
 56.         cap estimates use "$Tempdir/crude_`i'_eth5" 
 57.         cap cap lincom `eth'.eth5, eform
 58.         file write tablecontent  %4.2f (r(estimate)) _tab %4.2f (r(lb)) ("
>  - ") %4.2f (r(ub)) _tab 
 59.         cap estimates clear
 60.         cap estimates use "$Tempdir/model0_`i'_eth5" 
 61.         cap cap lincom `eth'.eth5, eform
 62.         file write tablecontent  %4.2f (r(estimate)) _tab %4.2f (r(lb)) ("
>  - ") %4.2f (r(ub)) _tab 
 63.         cap estimates clear
 64.         cap estimates use "$Tempdir/model1_`i'_eth5" 
 65.         cap cap lincom `eth'.eth5, eform
 66.         file write tablecontent  %4.2f (r(estimate)) _tab %4.2f (r(lb)) ("
>  - ") %4.2f (r(ub)) _tab 
 67.         cap estimates clear
 68.         cap estimates use "$Tempdir/model2_`i'_eth5" 
 69.         cap cap lincom `eth'.eth5, eform
 70.         file write tablecontent  %4.2f (r(estimate)) _tab %4.2f (r(lb)) ("
>  - ") %4.2f (r(ub)) _tab 
 71.         cap estimates clear
 72.         cap estimates use "$Tempdir/model3_`i'_eth5" 
 73.         cap cap lincom `eth'.eth5, eform
 74.         file write tablecontent  %4.2f (r(estimate)) _tab %4.2f (r(lb)) ("
>  - ") %4.2f (r(ub)) _n
 75. }  //end ethnic group
 76. 
. 
. } //end outcomes
(note: file E:\analyses\ethnicity-covid-research/output/tempdata/crude_suspecte
> d_eth5.ster not found)
file E:\analyses\ethnicity-covid-research/output/tempdata/crude_suspected_eth5.
> ster saved
(note: file E:\analyses\ethnicity-covid-research/output/tempdata/crude_suspecte
> d_eth5.dta not found)
file E:\analyses\ethnicity-covid-research/output/tempdata/crude_suspected_eth5.
> dta saved
(note: file E:\analyses\ethnicity-covid-research/output/tempdata/model0_suspect
> ed_eth5.ster not found)
file E:\analyses\ethnicity-covid-research/output/tempdata/model0_suspected_eth5
> .ster saved
(note: file E:\analyses\ethnicity-covid-research/output/tempdata/model0_suspect
> ed_eth5.dta not found)
file E:\analyses\ethnicity-covid-research/output/tempdata/model0_suspected_eth5
> .dta saved

-------------------------------------------------------------------------------
active results
-------------------------------------------------------------------------------

Stratified Cox regr. -- Breslow method for ties

No. of subjects =   12,729,412                  Number of obs    =  12,729,412
No. of failures =      471,530
Time at risk    =   2070161982
                                                LR chi2(12)      =    67044.10
Log likelihood  =   -6190181.2                  Prob > chi2      =      0.0000

------------------------------------------------------------------------------
          _t | Haz. Ratio   Std. Err.      z    P>|z|     [95% Conf. Interval]
-------------+----------------------------------------------------------------
        eth5 |
South Asian  |   1.029282   .0059777     4.97   0.000     1.017632    1.041065
      Black  |   1.039292   .0097473     4.11   0.000     1.020362    1.058573
      Mixed  |   1.011867   .0137519     0.87   0.385     .9852701    1.039183
      Other  |   .6828942    .008346   -31.21   0.000     .6667307    .6994496
             |
        male |
       Male  |   .7293501   .0021705  -106.05   0.000     .7251084    .7336165
        age1 |   1.018587   .0005023    37.35   0.000     1.017603    1.019572
        age2 |   .9788403    .001496   -13.99   0.000     .9759127    .9817767
        age3 |   1.084374   .0045367    19.36   0.000     1.075518    1.093302
             |
         imd |
          2  |   1.074083   .0052127    14.73   0.000     1.063915    1.084349
          3  |   1.217136   .0058231    41.07   0.000     1.205777    1.228603
          4  |   1.345626   .0064374    62.05   0.000     1.333068    1.358303
5 most de..  |   1.429781   .0071161    71.83   0.000     1.415901    1.443796
------------------------------------------------------------------------------
                                                             Stratified by stp
(note: file E:\analyses\ethnicity-covid-research/output/tempdata/model1_suspect
> ed_eth5.ster not found)
file E:\analyses\ethnicity-covid-research/output/tempdata/model1_suspected_eth5
> .ster saved
(note: file E:\analyses\ethnicity-covid-research/output/tempdata/model1_suspect
> ed_eth5.dta not found)
file E:\analyses\ethnicity-covid-research/output/tempdata/model1_suspected_eth5
> .dta saved

-------------------------------------------------------------------------------
active results
-------------------------------------------------------------------------------

Stratified Cox regr. -- Breslow method for ties

No. of subjects =    8,549,019                  Number of obs    =   8,549,019
No. of failures =      382,322
Time at risk    =   1384108822
                                                LR chi2(37)      =    91101.70
Log likelihood  =   -4849508.8                  Prob > chi2      =      0.0000

------------------------------------------------------------------------------
          _t | Haz. Ratio   Std. Err.      z    P>|z|     [95% Conf. Interval]
-------------+----------------------------------------------------------------
        eth5 |
South Asian  |    1.01497   .0068722     2.19   0.028     1.001589    1.028529
      Black  |   1.063411   .0115449     5.66   0.000     1.041023    1.086281
      Mixed  |   1.037796   .0164729     2.34   0.019     1.006007     1.07059
      Other  |   .8804826   .0126654    -8.85   0.000     .8560055    .9056596
             |
        male |
       Male  |    .784319   .0026748   -71.23   0.000     .7790939    .7895792
        age1 |   1.001936   .0006489     2.99   0.003     1.000664    1.003208
        age2 |   .9812143   .0018806    -9.89   0.000     .9775354    .9849071
        age3 |   1.084927   .0056018    15.79   0.000     1.074003    1.095962
             |
         imd |
          2  |   1.039495   .0055909     7.20   0.000     1.028595    1.050511
          3  |   1.146596   .0061047    25.69   0.000     1.134694    1.158624
          4  |   1.230149   .0065872    38.68   0.000     1.217306    1.243128
5 most de..  |   1.264818   .0070962    41.87   0.000     1.250986    1.278803
             |
         bmi |   1.012035   .0002932    41.29   0.000     1.011461     1.01261
gp_consult~t |   1.013518   .0000487   279.19   0.000     1.013423    1.013614
             |
smoke_nomiss |
     Former  |   1.147423     .00424    37.22   0.000     1.139143    1.155763
    Current  |   1.176279   .0058267    32.78   0.000     1.164914    1.187755
             |
1.htdiag_o~p |   1.060172   .0040853    15.16   0.000     1.052195    1.068209
    1.asthma |          1  (omitted)
1.~c_disease |    1.36586   .0068849    61.85   0.000     1.352432    1.379421
             |
     diabcat |
T1DM, con..  |   1.110414    .038639     3.01   0.003     1.037207    1.188787
T1DM, unc..  |   1.587282    .028241    25.97   0.000     1.532884     1.64361
T2DM, con..  |     1.1956   .0069413    30.77   0.000     1.182072    1.209282
T2DM, unc..  |   1.391639   .0095381    48.22   0.000      1.37307     1.41046
Diabetes,..  |   1.457411   .0814598     6.74   0.000     1.306187    1.626143
             |
    1.cancer |   1.378933   .0073568    60.23   0.000     1.364589    1.393428
1.~r_disease |   1.439872    .019609    26.77   0.000     1.401947    1.478822
    1.stroke |   1.244797   .0096441    28.26   0.000     1.226038    1.263844
  1.dementia |   1.637099   .0293558    27.49   0.000     1.580562    1.695659
1.other_ne~o |    1.40509   .0162567    29.40   0.000     1.373586    1.437316
             |
         ckd |
          2  |   1.039176   .0068864     5.80   0.000     1.025766    1.052761
          3  |   1.084733   .0105667     8.35   0.000     1.064219    1.105642
          4  |   1.166336   .0194811     9.21   0.000     1.128772     1.20515
          5  |   1.271826   .0441948     6.92   0.000      1.18809    1.361465
             |
      1.esrf |   1.468772   .0409122    13.80   0.000     1.390735    1.551187
1.perm_imm~f |   1.000677   .1443883     0.00   0.996      .754177    1.327743
1.temp_imm~f |   1.116774   .1481756     0.83   0.405     .8610458    1.448452
1.other_im~o |    1.82406   .2627712     4.17   0.000      1.37536    2.419145
1.ra_sle_p~s |   1.304845   .0074483    46.61   0.000     1.290328    1.319526
------------------------------------------------------------------------------
                                                             Stratified by stp
(note: file E:\analyses\ethnicity-covid-research/output/tempdata/model2_suspect
> ed_eth5.ster not found)
file E:\analyses\ethnicity-covid-research/output/tempdata/model2_suspected_eth5
> .ster saved
(note: file E:\analyses\ethnicity-covid-research/output/tempdata/model2_suspect
> ed_eth5.dta not found)
file E:\analyses\ethnicity-covid-research/output/tempdata/model2_suspected_eth5
> .dta saved

-------------------------------------------------------------------------------
active results
-------------------------------------------------------------------------------

Stratified Cox regr. -- Breslow method for ties

No. of subjects =    8,549,019                  Number of obs    =   8,549,019
No. of failures =      382,322
Time at risk    =   1384108822
                                                LR chi2(40)      =    91219.93
Log likelihood  =   -4849449.7                  Prob > chi2      =      0.0000

------------------------------------------------------------------------------
          _t | Haz. Ratio   Std. Err.      z    P>|z|     [95% Conf. Interval]
-------------+----------------------------------------------------------------
        eth5 |
South Asian  |   1.010709   .0069861     1.54   0.123     .9971093    1.024495
      Black  |   1.062854   .0115526     5.61   0.000     1.040451    1.085739
      Mixed  |   1.037666    .016473     2.33   0.020     1.005877     1.07046
      Other  |   .8793421   .0126566    -8.93   0.000     .8548823    .9045017
             |
        male |
       Male  |   .7844808   .0026756   -71.17   0.000     .7792543    .7897423
        age1 |   1.001281   .0006509     1.97   0.049     1.000006    1.002557
        age2 |   .9838759   .0019037    -8.40   0.000     .9801518    .9876141
        age3 |   1.077515    .005612    14.33   0.000     1.066571     1.08857
             |
         imd |
          2  |   1.040319   .0055959     7.35   0.000     1.029409    1.051345
          3  |    1.14778   .0061122    25.88   0.000     1.135863    1.159823
          4  |   1.231522   .0065966    38.88   0.000      1.21866    1.244519
5 most de..  |   1.266377   .0071098    42.06   0.000     1.252518    1.280389
             |
hh_total_cat |
        3-5  |   1.040525   .0042241     9.79   0.000     1.032279    1.048837
        6-9  |   1.005275   .0088909     0.59   0.552     .9879993    1.022853
        10+  |   1.034906   .0051406     6.91   0.000      1.02488    1.045031
             |
         bmi |   1.012014   .0002933    41.21   0.000      1.01144    1.012589
gp_consult~t |    1.01355   .0000488   279.57   0.000     1.013454    1.013646
             |
smoke_nomiss |
     Former  |    1.14778   .0042416    37.30   0.000     1.139497    1.156124
    Current  |   1.178541   .0058414    33.14   0.000     1.167147    1.190046
             |
1.htdiag_o~p |   1.060462   .0040867    15.23   0.000     1.052483    1.068503
    1.asthma |          1  (omitted)
1.~c_disease |   1.365643   .0068843    61.82   0.000     1.352217    1.379203
             |
     diabcat |
T1DM, con..  |   1.111474   .0386759     3.04   0.002     1.038198    1.189922
T1DM, unc..  |     1.5883   .0282592    26.00   0.000     1.533867    1.644664
T2DM, con..  |   1.195085    .006939    30.69   0.000     1.181562    1.208762
T2DM, unc..  |   1.391073   .0095351    48.15   0.000      1.37251    1.409888
Diabetes,..  |   1.456247   .0813949     6.72   0.000     1.305143    1.624844
             |
    1.cancer |   1.379576   .0073606    60.31   0.000     1.365224    1.394078
1.~r_disease |   1.442487   .0196465    26.90   0.000      1.40449    1.481512
    1.stroke |   1.244283    .009641    28.21   0.000      1.22553    1.263323
  1.dementia |   1.626335   .0291981    27.09   0.000     1.570103    1.684581
1.other_ne~o |   1.405444   .0162618    29.42   0.000      1.37393    1.437681
             |
         ckd |
          2  |   1.039181    .006887     5.80   0.000      1.02577    1.052767
          3  |   1.083902   .0105594     8.27   0.000     1.063402    1.104797
          4  |   1.164895   .0194575     9.14   0.000     1.127376    1.203662
          5  |   1.270976   .0441631     6.90   0.000       1.1873     1.36055
             |
      1.esrf |   1.469073   .0409199    13.81   0.000     1.391021    1.551504
1.perm_imm~f |   1.000787   .1444044     0.01   0.996     .7542602     1.32789
1.temp_imm~f |   1.114576   .1478847     0.82   0.414       .85935    1.445604
1.other_im~o |   1.827046   .2632025     4.18   0.000      1.37761    2.423108
1.ra_sle_p~s |   1.304791   .0074481    46.61   0.000     1.290274    1.319471
------------------------------------------------------------------------------
                                                             Stratified by stp
(note: file E:\analyses\ethnicity-covid-research/output/tempdata/model3_suspect
> ed_eth5.ster not found)
file E:\analyses\ethnicity-covid-research/output/tempdata/model3_suspected_eth5
> .ster saved
(note: file E:\analyses\ethnicity-covid-research/output/tempdata/model3_suspect
> ed_eth5.dta not found)
file E:\analyses\ethnicity-covid-research/output/tempdata/model3_suspected_eth5
> .dta saved
  413,983
  36,840
  12,448
  5,643
  7,038
(note: file E:\analyses\ethnicity-covid-research/output/tempdata/crude_confirme
> d_eth5.ster not found)
file E:\analyses\ethnicity-covid-research/output/tempdata/crude_confirmed_eth5.
> ster saved
(note: file E:\analyses\ethnicity-covid-research/output/tempdata/crude_confirme
> d_eth5.dta not found)
file E:\analyses\ethnicity-covid-research/output/tempdata/crude_confirmed_eth5.
> dta saved
(note: file E:\analyses\ethnicity-covid-research/output/tempdata/model0_confirm
> ed_eth5.ster not found)
file E:\analyses\ethnicity-covid-research/output/tempdata/model0_confirmed_eth5
> .ster saved
(note: file E:\analyses\ethnicity-covid-research/output/tempdata/model0_confirm
> ed_eth5.dta not found)
file E:\analyses\ethnicity-covid-research/output/tempdata/model0_confirmed_eth5
> .dta saved

-------------------------------------------------------------------------------
active results
-------------------------------------------------------------------------------

Stratified Cox regr. -- Breslow method for ties

No. of subjects =   12,729,282                  Number of obs    =  12,729,282
No. of failures =       34,794
Time at risk    =   2105068153
                                                LR chi2(12)      =    17485.86
Log likelihood  =   -451924.17                  Prob > chi2      =      0.0000

------------------------------------------------------------------------------
          _t | Haz. Ratio   Std. Err.      z    P>|z|     [95% Conf. Interval]
-------------+----------------------------------------------------------------
        eth5 |
South Asian  |   2.363196   .0396122    51.31   0.000     2.286819    2.442124
      Black  |   1.670088   .0504553    16.98   0.000     1.574068    1.771965
      Mixed  |   1.435419   .0701745     7.39   0.000     1.304263    1.579763
      Other  |   1.210963   .0475493     4.87   0.000     1.121264    1.307838
             |
        male |
       Male  |   .8757911   .0095024   -12.22   0.000     .8573633    .8946149
        age1 |   1.059724   .0022401    27.44   0.000     1.055343    1.064124
        age2 |   .8681661   .0053434   -22.97   0.000     .8577561    .8787023
        age3 |   1.575713   .0257406    27.84   0.000     1.526062     1.62698
             |
         imd |
          2  |   1.141501    .021325     7.08   0.000      1.10046    1.184071
          3  |   1.255679   .0232459    12.30   0.000     1.210935    1.302077
          4  |   1.428686   .0258998    19.68   0.000     1.378814    1.480361
5 most de..  |   1.665103   .0306202    27.73   0.000     1.606157    1.726212
------------------------------------------------------------------------------
                                                             Stratified by stp
(note: file E:\analyses\ethnicity-covid-research/output/tempdata/model1_confirm
> ed_eth5.ster not found)
file E:\analyses\ethnicity-covid-research/output/tempdata/model1_confirmed_eth5
> .ster saved
(note: file E:\analyses\ethnicity-covid-research/output/tempdata/model1_confirm
> ed_eth5.dta not found)
file E:\analyses\ethnicity-covid-research/output/tempdata/model1_confirmed_eth5
> .dta saved

-------------------------------------------------------------------------------
active results
-------------------------------------------------------------------------------

Stratified Cox regr. -- Breslow method for ties

No. of subjects =    8,548,902                  Number of obs    =   8,548,902
No. of failures =       28,137
Time at risk    =   1412374529
                                                LR chi2(37)      =    17917.46
Log likelihood  =    -352289.4                  Prob > chi2      =      0.0000

------------------------------------------------------------------------------
          _t | Haz. Ratio   Std. Err.      z    P>|z|     [95% Conf. Interval]
-------------+----------------------------------------------------------------
        eth5 |
South Asian  |   2.061325   .0413759    36.04   0.000     1.981805    2.144037
      Black  |   1.555135   .0539851    12.72   0.000     1.452846    1.664627
      Mixed  |   1.509368   .0832546     7.46   0.000     1.354703    1.681691
      Other  |    1.42201   .0660091     7.58   0.000     1.298345    1.557453
             |
        male |
       Male  |    .922751   .0114765    -6.46   0.000     .9005294    .9455209
        age1 |   1.050247   .0029946    17.19   0.000     1.044394    1.056133
        age2 |   .8500329    .006731   -20.52   0.000     .8369423    .8633282
        age3 |   1.661178   .0343188    24.57   0.000     1.595258    1.729822
             |
         imd |
          2  |   1.133819   .0234408     6.07   0.000     1.088794    1.180706
          3  |   1.216948    .025077     9.53   0.000     1.168777    1.267104
          4  |   1.365569   .0276408    15.39   0.000     1.312454    1.420833
5 most de..  |    1.55415    .032146    21.32   0.000     1.492406     1.61845
             |
         bmi |   1.015446   .0011073    14.06   0.000     1.013278    1.017618
gp_consult~t |   1.011061   .0002489    44.69   0.000     1.010574    1.011549
             |
smoke_nomiss |
     Former  |   1.081053   .0143784     5.86   0.000     1.053236    1.109604
    Current  |   .7131115   .0156268   -15.43   0.000     .6831319    .7444068
             |
1.htdiag_o~p |   1.010099    .014591     0.70   0.487      .981902    1.039105
    1.asthma |          1  (omitted)
1.~c_disease |   1.328923   .0223991    16.87   0.000     1.285739    1.373558
             |
     diabcat |
T1DM, con..  |   1.038048   .1357079     0.29   0.775     .8034092    1.341215
T1DM, unc..  |   1.849083   .1173326     9.69   0.000     1.632841    2.093963
T2DM, con..  |   1.219865   .0233558    10.38   0.000     1.174937    1.266511
T2DM, unc..  |   1.504429   .0338712    18.14   0.000     1.439486    1.572302
Diabetes,..  |   1.706803   .2851329     3.20   0.001     1.230225    2.368003
             |
    1.cancer |   1.282445   .0242041    13.18   0.000     1.235873    1.330772
1.~r_disease |   1.578434   .0763121     9.44   0.000     1.435733    1.735319
    1.stroke |   1.548266    .034976    19.35   0.000      1.48121    1.618358
  1.dementia |   3.523004   .1246815    35.58   0.000     3.286916     3.77605
1.other_ne~o |   1.943776   .0655306    19.71   0.000      1.81949    2.076552
             |
         ckd |
          2  |    1.07514   .0232731     3.35   0.001     1.030479    1.121736
          3  |   1.270805   .0357354     8.52   0.000      1.20266    1.342811
          4  |   1.548319   .0672012    10.07   0.000     1.422054    1.685795
          5  |   2.554511   .2040845    11.74   0.000     2.184257    2.987527
             |
      1.esrf |   2.197673   .1722383    10.05   0.000     1.884741    2.562561
1.perm_imm~f |   .4420796   .2322369    -1.55   0.120     .1578848    1.237829
1.temp_imm~f |   1.187996     .59502     0.34   0.731     .4451247    3.170648
1.other_im~o |   3.118153   1.635742     2.17   0.030      1.11524    8.718192
1.ra_sle_p~s |   1.205988   .0262623     8.60   0.000     1.155598    1.258576
------------------------------------------------------------------------------
                                                             Stratified by stp
(note: file E:\analyses\ethnicity-covid-research/output/tempdata/model2_confirm
> ed_eth5.ster not found)
file E:\analyses\ethnicity-covid-research/output/tempdata/model2_confirmed_eth5
> .ster saved
(note: file E:\analyses\ethnicity-covid-research/output/tempdata/model2_confirm
> ed_eth5.dta not found)
file E:\analyses\ethnicity-covid-research/output/tempdata/model2_confirmed_eth5
> .dta saved

-------------------------------------------------------------------------------
active results
-------------------------------------------------------------------------------

Stratified Cox regr. -- Breslow method for ties

No. of subjects =    8,548,902                  Number of obs    =   8,548,902
No. of failures =       28,137
Time at risk    =   1412374529
                                                LR chi2(40)      =    20078.04
Log likelihood  =   -351209.11                  Prob > chi2      =      0.0000

------------------------------------------------------------------------------
          _t | Haz. Ratio   Std. Err.      z    P>|z|     [95% Conf. Interval]
-------------+----------------------------------------------------------------
        eth5 |
South Asian  |   1.831128    .037848    29.27   0.000      1.75843    1.906832
      Black  |   1.517457   .0527952    11.99   0.000     1.417429    1.624543
      Mixed  |   1.487159   .0820494     7.19   0.000     1.334735     1.65699
      Other  |   1.368676   .0635844     6.76   0.000     1.249558    1.499149
             |
        male |
       Male  |   .9267603   .0115322    -6.11   0.000      .904431     .949641
        age1 |   1.040576   .0029331    14.11   0.000     1.034843    1.046341
        age2 |   .8797951   .0069436   -16.23   0.000     .8662905    .8935101
        age3 |   1.517726   .0312822    20.24   0.000     1.457636    1.580294
             |
         imd |
          2  |    1.14418   .0236573     6.51   0.000     1.098739      1.1915
          3  |   1.222351   .0251989     9.74   0.000     1.173947    1.272752
          4  |   1.361921   .0275897    15.25   0.000     1.308905    1.417083
5 most de..  |   1.543744   .0319607    20.97   0.000     1.482356    1.607674
             |
hh_total_cat |
        3-5  |   1.401366     .02226    21.24   0.000     1.358409    1.445681
        6-9  |   1.741415   .0479711    20.14   0.000     1.649887    1.838021
        10+  |   2.092473   .0329643    46.87   0.000     2.028851     2.15809
             |
         bmi |   1.015662   .0011066    14.26   0.000     1.013496    1.017833
gp_consult~t |   1.011457   .0002427    47.48   0.000     1.010982    1.011933
             |
smoke_nomiss |
     Former  |   1.089652   .0144977     6.45   0.000     1.061604    1.118441
    Current  |   .7298744   .0159955   -14.37   0.000     .6991876    .7619081
             |
1.htdiag_o~p |   1.013543    .014629     0.93   0.351      .985272    1.042624
    1.asthma |          1  (omitted)
1.~c_disease |   1.332918   .0224692    17.05   0.000     1.289599    1.377692
             |
     diabcat |
T1DM, con..  |   1.047293    .136915     0.35   0.724     .8105666    1.353155
T1DM, unc..  |   1.858018   .1178974     9.76   0.000     1.640734    2.104076
T2DM, con..  |   1.215679    .023282    10.20   0.000     1.170893    1.262178
T2DM, unc..  |   1.493182   .0336336    17.80   0.000     1.428696     1.56058
Diabetes,..  |   1.678196   .2803379     3.10   0.002     1.209628    2.328271
             |
    1.cancer |   1.295419   .0244524    13.71   0.000     1.248369    1.344242
1.~r_disease |   1.597717   .0772467     9.69   0.000     1.453268    1.756523
    1.stroke |   1.528321   .0345635    18.76   0.000     1.462057    1.597588
  1.dementia |   3.049364   .1084768    31.34   0.000     2.843996    3.269562
1.other_ne~o |   1.910528     .06445    19.19   0.000     1.788294    2.041117
             |
         ckd |
          2  |   1.080411   .0234099     3.57   0.000     1.035489    1.127281
          3  |   1.265442   .0356156     8.36   0.000     1.197527    1.337208
          4  |   1.538555   .0667857     9.93   0.000     1.413071    1.675182
          5  |   2.558911   .2039699    11.79   0.000       2.1888    2.991604
             |
      1.esrf |   2.204333   .1726166    10.09   0.000     1.890695    2.569999
1.perm_imm~f |    .434617   .2283289    -1.59   0.113     .1552109    1.217001
1.temp_imm~f |   1.148306   .5751222     0.28   0.782     .4302676    3.064621
1.other_im~o |   3.232322    1.69559     2.24   0.025     1.156104    9.037165
1.ra_sle_p~s |   1.208228    .026314     8.69   0.000     1.157739     1.26092
------------------------------------------------------------------------------
                                                             Stratified by stp
(note: file E:\analyses\ethnicity-covid-research/output/tempdata/model3_confirm
> ed_eth5.ster not found)
file E:\analyses\ethnicity-covid-research/output/tempdata/model3_confirmed_eth5
> .ster saved
(note: file E:\analyses\ethnicity-covid-research/output/tempdata/model3_confirm
> ed_eth5.dta not found)
file E:\analyses\ethnicity-covid-research/output/tempdata/model3_confirmed_eth5
> .dta saved
  27,382
  5,343
  1,232
  437
  691
file E:\analyses\ethnicity-covid-research/output/tempdata/crude_tested_eth5.ste
> r saved
file E:\analyses\ethnicity-covid-research/output/tempdata/crude_tested_eth5.dta
>  saved
(note: file E:\analyses\ethnicity-covid-research/output/tempdata/model0_tested_
> eth5.ster not found)
file E:\analyses\ethnicity-covid-research/output/tempdata/model0_tested_eth5.st
> er saved
(note: file E:\analyses\ethnicity-covid-research/output/tempdata/model0_tested_
> eth5.dta not found)
file E:\analyses\ethnicity-covid-research/output/tempdata/model0_tested_eth5.dt
> a saved

-------------------------------------------------------------------------------
active results
-------------------------------------------------------------------------------

Stratified Cox regr. -- Breslow method for ties

No. of subjects =   12,729,478                  Number of obs    =  12,729,478
No. of failures =      729,756
Time at risk    =   2175181140
                                                LR chi2(12)      =    87743.96
Log likelihood  =   -9534709.1                  Prob > chi2      =      0.0000

------------------------------------------------------------------------------
          _t | Haz. Ratio   Std. Err.      z    P>|z|     [95% Conf. Interval]
-------------+----------------------------------------------------------------
        eth5 |
South Asian  |   1.107357   .0049605    22.76   0.000     1.097677    1.117122
      Black  |   1.020072   .0077986     2.60   0.009     1.004901    1.035472
      Mixed  |   1.019959   .0109748     1.84   0.066     .9986741    1.041698
      Other  |   .7012019   .0066251   -37.57   0.000     .6883365    .7143077
             |
        male |
       Male  |   .7326177    .001752  -130.11   0.000     .7291919    .7360595
        age1 |   1.030633   .0003867    80.41   0.000     1.029875    1.031391
        age2 |   .8941526   .0010584   -94.51   0.000     .8920805    .8962295
        age3 |   1.453136   .0047477   114.39   0.000      1.44386    1.462471
             |
         imd |
          2  |   1.031104   .0038878     8.12   0.000     1.023512    1.038752
          3  |   1.074379   .0040675    18.95   0.000     1.066437    1.082381
          4  |   1.133644   .0043017    33.06   0.000     1.125244    1.142106
5 most de..  |   1.167269   .0046441    38.87   0.000     1.158202    1.176407
------------------------------------------------------------------------------
                                                             Stratified by stp
file E:\analyses\ethnicity-covid-research/output/tempdata/model1_tested_eth5.st
> er saved
file E:\analyses\ethnicity-covid-research/output/tempdata/model1_tested_eth5.dt
> a saved

-------------------------------------------------------------------------------
active results
-------------------------------------------------------------------------------

Stratified Cox regr. -- Breslow method for ties

No. of subjects =    8,549,082                  Number of obs    =   8,549,082
No. of failures =      565,491
Time at risk    =   1456103507
                                                LR chi2(37)      =   137853.49
Log likelihood  =   -7128384.2                  Prob > chi2      =      0.0000

------------------------------------------------------------------------------
          _t | Haz. Ratio   Std. Err.      z    P>|z|     [95% Conf. Interval]
-------------+----------------------------------------------------------------
        eth5 |
South Asian  |    1.07244   .0057735    12.99   0.000     1.061184    1.083816
      Black  |   1.037665   .0094076     4.08   0.000     1.019389    1.056268
      Mixed  |   1.038781   .0134816     2.93   0.003     1.012691    1.065544
      Other  |   .8663741   .0101078   -12.29   0.000     .8467879    .8864133
             |
        male |
       Male  |   .8087368   .0022693   -75.65   0.000     .8043011    .8131969
        age1 |   1.016302   .0005158    31.86   0.000     1.015292    1.017314
        age2 |   .9016775   .0013709   -68.07   0.000     .8989946    .9043684
        age3 |   1.404013    .005782    82.40   0.000     1.392726    1.415392
             |
         imd |
          2  |   1.023033   .0043843     5.31   0.000     1.014475    1.031662
          3  |   1.060398   .0045753    13.59   0.000     1.051468    1.069403
          4  |   1.106541    .004812    23.28   0.000     1.097149    1.116012
5 most de..  |   1.120112   .0051445    24.70   0.000     1.110075    1.130241
             |
         bmi |   1.002079   .0002446     8.51   0.000       1.0016    1.002559
gp_consult~t |   1.011447     .00005   230.40   0.000     1.011349    1.011545
             |
smoke_nomiss |
     Former  |   1.076355   .0032508    24.36   0.000     1.070002    1.082745
    Current  |   1.050805   .0043396    12.00   0.000     1.042334    1.059345
             |
1.htdiag_o~p |   .9950244   .0032164    -1.54   0.123     .9887403    1.001348
    1.asthma |          1  (omitted)
1.~c_disease |   1.444038   .0060699    87.42   0.000      1.43219    1.455984
             |
     diabcat |
T1DM, con..  |   1.172718   .0313342     5.96   0.000     1.112885    1.235769
T1DM, unc..  |   1.448691   .0216452    24.81   0.000     1.406882    1.491742
T2DM, con..  |   1.097086   .0055005    18.48   0.000     1.086358     1.10792
T2DM, unc..  |   1.172544   .0073199    25.50   0.000     1.158285    1.186979
Diabetes,..  |   1.332957   .0640729     5.98   0.000      1.21311    1.464643
             |
    1.cancer |   1.632887    .006988   114.58   0.000     1.619248    1.646641
1.~r_disease |    1.77837   .0194013    52.77   0.000     1.740748    1.816805
    1.stroke |   1.551885   .0092372    73.83   0.000     1.533885    1.570095
  1.dementia |   2.833864   .0327256    90.20   0.000     2.770443    2.898736
1.other_ne~o |    1.69876   .0148929    60.44   0.000      1.66982    1.728202
             |
         ckd |
          2  |   1.063921   .0059306    11.12   0.000     1.052361    1.075609
          3  |    1.27995   .0098427    32.10   0.000     1.260804    1.299388
          4  |   1.664783    .020269    41.86   0.000     1.625527    1.704988
          5  |   3.578341   .0764672    59.66   0.000     3.431563    3.731397
             |
      1.esrf |   1.914448    .040872    30.42   0.000     1.835993    1.996255
1.perm_imm~f |     .92489   .1021184    -0.71   0.479     .7449167    1.148345
1.temp_imm~f |   1.686029   .1674253     5.26   0.000      1.38784    2.048287
1.other_im~o |   1.225034   .1349745     1.84   0.065     .9871037    1.520316
1.ra_sle_p~s |   1.059971   .0055288    11.17   0.000      1.04919    1.070863
------------------------------------------------------------------------------
                                                             Stratified by stp
file E:\analyses\ethnicity-covid-research/output/tempdata/model2_tested_eth5.st
> er saved
file E:\analyses\ethnicity-covid-research/output/tempdata/model2_tested_eth5.dt
> a saved

-------------------------------------------------------------------------------
active results
-------------------------------------------------------------------------------

Stratified Cox regr. -- Breslow method for ties

No. of subjects =    8,549,082                  Number of obs    =   8,549,082
No. of failures =      565,491
Time at risk    =   1456103507
                                                LR chi2(40)      =   143669.87
Log likelihood  =     -7125476                  Prob > chi2      =      0.0000

------------------------------------------------------------------------------
          _t | Haz. Ratio   Std. Err.      z    P>|z|     [95% Conf. Interval]
-------------+----------------------------------------------------------------
        eth5 |
South Asian  |   1.037239   .0056921     6.66   0.000     1.026143    1.048456
      Black  |    1.03259   .0093754     3.53   0.000     1.014377    1.051129
      Mixed  |   1.037681   .0134692     2.85   0.004     1.011615    1.064418
      Other  |   .8593523   .0100317   -12.98   0.000     .8399137    .8792407
             |
        male |
       Male  |   .8095337   .0022719   -75.29   0.000     .8050931    .8139988
        age1 |   1.013605   .0005146    26.62   0.000     1.012597    1.014614
        age2 |   .9106594   .0013946   -61.11   0.000       .90793    .9133969
        age3 |   1.369195   .0056753    75.81   0.000     1.358116    1.380363
             |
         imd |
          2  |   1.027244    .004403     6.27   0.000      1.01865     1.03591
          3  |   1.064955   .0045965    14.58   0.000     1.055984    1.074002
          4  |   1.110017     .00483    23.99   0.000     1.100591    1.119524
5 most de..  |   1.121999   .0051573    25.04   0.000     1.111936    1.132153
             |
hh_total_cat |
        3-5  |   1.115198   .0037461    32.46   0.000      1.10788    1.122564
        6-9  |   1.160393   .0081247    21.25   0.000     1.144577    1.176427
        10+  |   1.349297   .0052424    77.11   0.000     1.339061    1.359611
             |
         bmi |   1.002057   .0002447     8.42   0.000     1.001578    1.002537
gp_consult~t |   1.011616   .0000495   236.01   0.000     1.011519    1.011713
             |
smoke_nomiss |
     Former  |   1.078454   .0032577    25.00   0.000     1.072087    1.084857
    Current  |   1.059465   .0043773    13.98   0.000      1.05092    1.068079
             |
1.htdiag_o~p |   .9958561   .0032192    -1.28   0.199     .9895665    1.002186
    1.asthma |          1  (omitted)
1.~c_disease |   1.444816   .0060746    87.52   0.000     1.432958    1.456771
             |
     diabcat |
T1DM, con..  |   1.176278   .0314296     6.08   0.000     1.116262    1.239521
T1DM, unc..  |   1.452606   .0217033    24.99   0.000     1.410685    1.495773
T2DM, con..  |   1.096291   .0054974    18.33   0.000      1.08557    1.107119
T2DM, unc..  |   1.170713   .0073095    25.24   0.000     1.156474    1.185128
Diabetes,..  |    1.32593   .0637345     5.87   0.000     1.206716    1.456921
             |
    1.cancer |   1.636639   .0070047   115.11   0.000     1.622967    1.650426
1.~r_disease |   1.789582   .0195255    53.34   0.000     1.751719    1.828264
    1.stroke |   1.547481   .0092149    73.32   0.000     1.529525    1.565648
  1.dementia |   2.705096   .0312975    86.01   0.000     2.644444    2.767139
1.other_ne~o |   1.696198    .014873    60.26   0.000     1.667297    1.725601
             |
         ckd |
          2  |   1.064436   .0059359    11.20   0.000     1.052866    1.076134
          3  |   1.275785   .0098142    31.66   0.000     1.256694    1.295167
          4  |   1.655746    .020161    41.41   0.000     1.616699    1.695736
          5  |    3.56906   .0762189    59.58   0.000     3.422757    3.721617
             |
      1.esrf |   1.921008   .0409979    30.59   0.000     1.842311    2.003067
1.perm_imm~f |   .9151915   .1010518    -0.80   0.422     .7370988    1.136314
1.temp_imm~f |   1.656537   .1644966     5.08   0.000     1.363564    2.012457
1.other_im~o |   1.246382   .1373266     2.00   0.046     1.004305    1.546809
1.ra_sle_p~s |    1.06021     .00553    11.21   0.000     1.049426    1.071104
------------------------------------------------------------------------------
                                                             Stratified by stp
file E:\analyses\ethnicity-covid-research/output/tempdata/model3_tested_eth5.st
> er saved
file E:\analyses\ethnicity-covid-research/output/tempdata/model3_tested_eth5.dt
> a saved
  634,562
  63,381
  18,697
  9,019
  11,830
file E:\analyses\ethnicity-covid-research/output/tempdata/crude_positivetest_et
> h5.ster saved
file E:\analyses\ethnicity-covid-research/output/tempdata/crude_positivetest_et
> h5.dta saved
(note: file E:\analyses\ethnicity-covid-research/output/tempdata/model0_positiv
> etest_eth5.ster not found)
file E:\analyses\ethnicity-covid-research/output/tempdata/model0_positivetest_e
> th5.ster saved
(note: file E:\analyses\ethnicity-covid-research/output/tempdata/model0_positiv
> etest_eth5.dta not found)
file E:\analyses\ethnicity-covid-research/output/tempdata/model0_positivetest_e
> th5.dta saved

-------------------------------------------------------------------------------
active results
-------------------------------------------------------------------------------

Stratified Cox regr. -- Breslow method for ties

No. of subjects =   12,729,506                  Number of obs    =  12,729,506
No. of failures =       57,955
Time at risk    =   2191994633
                                                LR chi2(12)      =    21620.14
Log likelihood  =   -755857.06                  Prob > chi2      =      0.0000

------------------------------------------------------------------------------
          _t | Haz. Ratio   Std. Err.      z    P>|z|     [95% Conf. Interval]
-------------+----------------------------------------------------------------
        eth5 |
South Asian  |   2.280732    .029306    64.17   0.000     2.224011      2.3389
      Black  |    1.83835   .0409782    27.31   0.000     1.759763    1.920446
      Mixed  |   1.498007   .0533341    11.35   0.000     1.397037    1.606273
      Other  |   1.183496   .0348952     5.71   0.000     1.117041    1.253904
             |
        male |
       Male  |   .8374178   .0070541   -21.06   0.000     .8237054    .8513584
        age1 |   1.046664   .0014863    32.12   0.000     1.043755    1.049581
        age2 |   .8513586   .0037038   -36.99   0.000       .84413     .858649
        age3 |   1.723321   .0203362    46.12   0.000      1.68392    1.763643
             |
         imd |
          2  |   1.135462   .0166649     8.66   0.000     1.103264    1.168599
          3  |   1.272118   .0184032    16.64   0.000     1.236555    1.308704
          4  |   1.433547   .0202101    25.55   0.000     1.394478     1.47371
5 most de..  |    1.55832   .0222393    31.08   0.000     1.515335    1.602523
------------------------------------------------------------------------------
                                                             Stratified by stp
file E:\analyses\ethnicity-covid-research/output/tempdata/model1_positivetest_e
> th5.ster saved
file E:\analyses\ethnicity-covid-research/output/tempdata/model1_positivetest_e
> th5.dta saved

-------------------------------------------------------------------------------
active results
-------------------------------------------------------------------------------

Stratified Cox regr. -- Breslow method for ties

No. of subjects =    8,549,097                  Number of obs    =   8,549,097
No. of failures =       44,650
Time at risk    =   1470625415
                                                LR chi2(37)      =    24891.38
Log likelihood  =   -560698.85                  Prob > chi2      =      0.0000

------------------------------------------------------------------------------
          _t | Haz. Ratio   Std. Err.      z    P>|z|     [95% Conf. Interval]
-------------+----------------------------------------------------------------
        eth5 |
South Asian  |   1.999605   .0314187    44.10   0.000     1.938964    2.062142
      Black  |   1.722089   .0450923    20.76   0.000     1.635939    1.812776
      Mixed  |   1.520524   .0645316     9.87   0.000     1.399162    1.652413
      Other  |   1.427823   .0514158     9.89   0.000     1.330524    1.532237
             |
        male |
       Male  |   .9187957   .0091125    -8.54   0.000     .9011079    .9368306
        age1 |   1.038286   .0020648    18.89   0.000     1.034247    1.042341
        age2 |    .839596   .0048246   -30.43   0.000     .8301929    .8491055
        age3 |   1.773678   .0270582    37.56   0.000     1.721429    1.827511
             |
         imd |
          2  |   1.129029   .0188629     7.26   0.000     1.092657    1.166611
          3  |   1.246196   .0206195    13.30   0.000     1.206431    1.287272
          4  |   1.411853   .0228129    21.35   0.000     1.367841    1.457281
5 most de..  |   1.547139   .0254279    26.55   0.000     1.498095    1.597788
             |
         bmi |   1.017685   .0008694    20.52   0.000     1.015982     1.01939
gp_consult~t |   1.007984   .0003206    25.00   0.000     1.007356    1.008613
             |
smoke_nomiss |
     Former  |   1.062594   .0111884     5.77   0.000      1.04089    1.084751
    Current  |   .6143084    .010924   -27.40   0.000     .5932666    .6360965
             |
1.htdiag_o~p |   .9797509    .011386    -1.76   0.078      .957687    1.002323
    1.asthma |          1  (omitted)
1.~c_disease |   1.241617   .0174997    15.35   0.000     1.207788    1.276394
             |
     diabcat |
T1DM, con..  |   .9743514    .103109    -0.25   0.806     .7918423    1.198926
T1DM, unc..  |   1.494414   .0818344     7.34   0.000     1.342329     1.66373
T2DM, con..  |   1.196995   .0189621    11.35   0.000     1.160401    1.234744
T2DM, unc..  |    1.46844   .0273823    20.60   0.000     1.415741    1.523101
Diabetes,..  |   1.858965   .2447001     4.71   0.000     1.436235    2.406118
             |
    1.cancer |   1.192145   .0190694    10.99   0.000      1.15535    1.230112
1.~r_disease |   1.496325   .0616813     9.78   0.000     1.380186    1.622236
    1.stroke |   1.600378   .0296887    25.35   0.000     1.543235    1.659638
  1.dementia |   3.619303   .1047773    44.43   0.000      3.41966      3.8306
1.other_ne~o |   1.905878   .0528844    23.24   0.000     1.804995      2.0124
             |
         ckd |
          2  |    1.13246   .0203654     6.92   0.000      1.09324    1.173087
          3  |   1.410376    .032369    14.98   0.000      1.34834    1.475267
          4  |   1.857499   .0636638    18.07   0.000     1.736819    1.986564
          5  |   3.619767   .2213277    21.04   0.000     3.210958    4.080625
             |
      1.esrf |   2.342693   .1475178    13.52   0.000     2.070693    2.650421
1.perm_imm~f |   .6082773   .2484462    -1.22   0.224     .2731712    1.354467
1.temp_imm~f |   1.673615   .6339213     1.36   0.174     .7966046    3.516157
1.other_im~o |   1.663859   .6782279     1.25   0.212     .7484221    3.699016
1.ra_sle_p~s |   1.039129   .0194965     2.05   0.041     1.001611    1.078053
------------------------------------------------------------------------------
                                                             Stratified by stp
file E:\analyses\ethnicity-covid-research/output/tempdata/model2_positivetest_e
> th5.ster saved
file E:\analyses\ethnicity-covid-research/output/tempdata/model2_positivetest_e
> th5.dta saved

-------------------------------------------------------------------------------
active results
-------------------------------------------------------------------------------

Stratified Cox regr. -- Breslow method for ties

No. of subjects =    8,549,097                  Number of obs    =   8,549,097
No. of failures =       44,650
Time at risk    =   1470625415
                                                LR chi2(40)      =    28350.02
Log likelihood  =   -558969.53                  Prob > chi2      =      0.0000

------------------------------------------------------------------------------
          _t | Haz. Ratio   Std. Err.      z    P>|z|     [95% Conf. Interval]
-------------+----------------------------------------------------------------
        eth5 |
South Asian  |   1.777434   .0286957    35.63   0.000     1.722072    1.834576
      Black  |   1.679636    .044092    19.75   0.000     1.595403    1.768317
      Mixed  |   1.498796   .0636222     9.53   0.000     1.379145    1.628827
      Other  |   1.373903   .0495097     8.82   0.000     1.280214     1.47445
             |
        male |
       Male  |   .9249262   .0091782    -7.86   0.000     .9071112    .9430911
        age1 |    1.02877   .0020223    14.43   0.000     1.024814    1.032741
        age2 |   .8702518    .004987   -24.25   0.000     .8605322    .8800811
        age3 |   1.614693   .0245806    31.47   0.000     1.567227    1.663596
             |
         imd |
          2  |   1.140098   .0190503     7.85   0.000     1.103364    1.178054
          3  |   1.254497    .020766    13.70   0.000     1.214449    1.295865
          4  |   1.411963   .0228348    21.33   0.000     1.367909    1.457435
5 most de..  |   1.542107   .0253715    26.33   0.000     1.493173    1.592645
             |
hh_total_cat |
        3-5  |   1.508815   .0187737    33.06   0.000     1.472464    1.546063
        6-9  |   1.748931   .0378828    25.81   0.000     1.676236    1.824779
        10+  |   2.099967   .0267925    58.15   0.000     2.048106    2.153142
             |
         bmi |    1.01782   .0008689    20.69   0.000     1.016119    1.019525
gp_consult~t |   1.008702   .0003083    28.35   0.000     1.008098    1.009306
             |
smoke_nomiss |
     Former  |   1.071233   .0112825     6.53   0.000     1.049346    1.093576
    Current  |   .6300544   .0112055   -25.97   0.000     .6084704     .652404
             |
1.htdiag_o~p |   .9836579   .0114228    -1.42   0.156     .9615225    1.006303
    1.asthma |          1  (omitted)
1.~c_disease |   1.245225   .0175499    15.56   0.000     1.211298    1.280101
             |
     diabcat |
T1DM, con..  |   .9844391   .1041739    -0.15   0.882     .8000447    1.211333
T1DM, unc..  |   1.500381   .0821607     7.41   0.000     1.347689    1.670372
T2DM, con..  |   1.191504   .0188807    11.06   0.000     1.155067     1.22909
T2DM, unc..  |   1.454593    .027133    20.09   0.000     1.402374    1.508757
Diabetes,..  |    1.82768   .2405644     4.58   0.000     1.412091     2.36558
             |
    1.cancer |   1.204018   .0192619    11.61   0.000     1.166851    1.242369
1.~r_disease |   1.517648   .0625614    10.12   0.000     1.399852    1.645356
    1.stroke |   1.578057   .0293095    24.56   0.000     1.521645    1.636561
  1.dementia |   3.114562     .09063    39.04   0.000     2.941901    3.297357
1.other_ne~o |   1.875136   .0520674    22.64   0.000     1.775813    1.980014
             |
         ckd |
          2  |   1.138401   .0204974     7.20   0.000     1.098928    1.179293
          3  |   1.403001   .0322338    14.74   0.000     1.341225    1.467622
          4  |   1.839809   .0630688    17.78   0.000     1.720258    1.967669
          5  |   3.611857   .2204045    21.05   0.000     3.204705    4.070736
             |
      1.esrf |   2.357536   .1483251    13.63   0.000     2.084034    2.666932
1.perm_imm~f |   .5943769   .2427879    -1.27   0.203     .2669117    1.323598
1.temp_imm~f |   1.608499   .6092391     1.25   0.210      .765628    3.379279
1.other_im~o |   1.736293   .7077408     1.35   0.176     .7810156    3.859992
1.ra_sle_p~s |   1.040751   .0195263     2.13   0.033     1.003176    1.079735
------------------------------------------------------------------------------
                                                             Stratified by stp
file E:\analyses\ethnicity-covid-research/output/tempdata/model3_positivetest_e
> th5.ster saved
file E:\analyses\ethnicity-covid-research/output/tempdata/model3_positivetest_e
> th5.dta saved
  45,085
  9,032
  2,288
  827
  1,228
(note: file E:\analyses\ethnicity-covid-research/output/tempdata/crude_ae_eth5.
> ster not found)
file E:\analyses\ethnicity-covid-research/output/tempdata/crude_ae_eth5.ster sa
> ved
(note: file E:\analyses\ethnicity-covid-research/output/tempdata/crude_ae_eth5.
> dta not found)
file E:\analyses\ethnicity-covid-research/output/tempdata/crude_ae_eth5.dta sav
> ed
(note: file E:\analyses\ethnicity-covid-research/output/tempdata/model0_ae_eth5
> .ster not found)
file E:\analyses\ethnicity-covid-research/output/tempdata/model0_ae_eth5.ster s
> aved
(note: file E:\analyses\ethnicity-covid-research/output/tempdata/model0_ae_eth5
> .dta not found)
file E:\analyses\ethnicity-covid-research/output/tempdata/model0_ae_eth5.dta sa
> ved

-------------------------------------------------------------------------------
active results
-------------------------------------------------------------------------------

Stratified Cox regr. -- Breslow method for ties

No. of subjects =   12,721,655                  Number of obs    =  12,721,655
No. of failures =      395,891
Time at risk    =    960161479
                                                LR chi2(12)      =    52386.33
Log likelihood  =   -5189136.7                  Prob > chi2      =      0.0000

------------------------------------------------------------------------------
          _t | Haz. Ratio   Std. Err.      z    P>|z|     [95% Conf. Interval]
-------------+----------------------------------------------------------------
        eth5 |
South Asian  |   .8485035   .0058169   -23.96   0.000     .8371788    .8599814
      Black  |   .9497119   .0100494    -4.88   0.000     .9302182    .9696141
      Mixed  |   .9409481   .0138761    -4.13   0.000     .9141406    .9685417
      Other  |   .6528454   .0085579   -32.53   0.000     .6362859    .6698358
             |
        male |
       Male  |   .9521167    .003042   -15.36   0.000      .946173    .9580976
        age1 |   .9885687   .0004605   -24.68   0.000     .9876666    .9894716
        age2 |   .9938365   .0015267    -4.02   0.000     .9908487    .9968333
        age3 |    1.12875   .0048354    28.27   0.000     1.119312    1.138267
             |
         imd |
          2  |   1.130481   .0062252    22.27   0.000     1.118346    1.142749
          3  |   1.263827   .0068635    43.11   0.000     1.250447    1.277351
          4  |   1.441404   .0076933    68.50   0.000     1.426404    1.456562
5 most de..  |    1.71026   .0092223    99.52   0.000      1.69228    1.728431
------------------------------------------------------------------------------
                                                             Stratified by stp
(note: file E:\analyses\ethnicity-covid-research/output/tempdata/model1_ae_eth5
> .ster not found)
file E:\analyses\ethnicity-covid-research/output/tempdata/model1_ae_eth5.ster s
> aved
(note: file E:\analyses\ethnicity-covid-research/output/tempdata/model1_ae_eth5
> .dta not found)
file E:\analyses\ethnicity-covid-research/output/tempdata/model1_ae_eth5.dta sa
> ved

-------------------------------------------------------------------------------
active results
-------------------------------------------------------------------------------

Stratified Cox regr. -- Breslow method for ties

No. of subjects =    8,543,138                  Number of obs    =   8,543,138
No. of failures =      301,496
Time at risk    =    643006117
                                                LR chi2(37)      =    98809.50
Log likelihood  =   -3805022.9                  Prob > chi2      =      0.0000

------------------------------------------------------------------------------
          _t | Haz. Ratio   Std. Err.      z    P>|z|     [95% Conf. Interval]
-------------+----------------------------------------------------------------
        eth5 |
South Asian  |   .9113897   .0074666   -11.33   0.000     .8968724     .926142
      Black  |    1.03671   .0132352     2.82   0.005     1.011091    1.062978
      Mixed  |   .9960366   .0180907    -0.22   0.827     .9612032    1.032132
      Other  |   .8933206   .0144714    -6.96   0.000     .8654028     .922139
             |
        male |
       Male  |   .9660211   .0036624    -9.12   0.000     .9588695    .9732261
        age1 |   .9797326   .0006403   -31.33   0.000     .9784785    .9809883
        age2 |   .9852169   .0019852    -7.39   0.000     .9813336    .9891157
        age3 |     1.1471   .0062967    25.00   0.000     1.134825    1.159508
             |
         imd |
          2  |   1.097353   .0068801    14.82   0.000     1.083951    1.110921
          3  |   1.192622   .0074089    28.36   0.000     1.178189    1.207232
          4  |    1.31344   .0080667    44.39   0.000     1.297724    1.329346
5 most de..  |    1.47552     .00926    61.99   0.000     1.457482    1.493781
             |
         bmi |   1.006515   .0003311    19.74   0.000     1.005866    1.007164
gp_consult~t |   1.012434   .0000505   247.77   0.000     1.012335    1.012533
             |
smoke_nomiss |
     Former  |    1.10539   .0047142    23.49   0.000     1.096189    1.114669
    Current  |    1.42151   .0074827    66.82   0.000     1.406919    1.436252
             |
1.htdiag_o~p |   1.061719   .0047077    13.51   0.000     1.052532    1.070986
    1.asthma |          1  (omitted)
1.~c_disease |   1.576796   .0086215    83.29   0.000     1.559988    1.593784
             |
     diabcat |
T1DM, con..  |     1.2805   .0452875     6.99   0.000     1.194745    1.372411
T1DM, unc..  |    1.71524   .0313793    29.49   0.000     1.654827    1.777858
T2DM, con..  |   1.091073   .0073229    12.99   0.000     1.076814     1.10552
T2DM, unc..  |   1.253849   .0101184    28.03   0.000     1.234173    1.273838
Diabetes,..  |   1.394436   .0910813     5.09   0.000     1.226874    1.584882
             |
    1.cancer |   1.370078   .0082978    51.99   0.000     1.353911    1.386438
1.~r_disease |   1.878904   .0259984    45.58   0.000     1.828633    1.930558
    1.stroke |   1.580646   .0121602    59.51   0.000     1.556992    1.604661
  1.dementia |   1.680008   .0293254    29.72   0.000     1.623503    1.738479
1.other_ne~o |   1.624847   .0192806    40.91   0.000     1.587494    1.663079
             |
         ckd |
          2  |   1.050679   .0078036     6.66   0.000     1.035495    1.066085
          3  |   1.211179   .0122583    18.93   0.000      1.18739    1.235445
          4  |   1.502268   .0239998    25.47   0.000     1.455958    1.550051
          5  |   1.986363    .066784    20.41   0.000     1.859688    2.121666
             |
      1.esrf |   1.421121    .045619    10.95   0.000     1.334464    1.513405
1.perm_imm~f |   1.363032   .1905798     2.22   0.027     1.036313    1.792757
1.temp_imm~f |   2.294464   .2833237     6.73   0.000     1.801248    2.922731
1.other_im~o |   .8695208    .121236    -1.00   0.316     .6616042    1.142778
1.ra_sle_p~s |   1.095191   .0076408    13.03   0.000     1.080317    1.110269
------------------------------------------------------------------------------
                                                             Stratified by stp
(note: file E:\analyses\ethnicity-covid-research/output/tempdata/model2_ae_eth5
> .ster not found)
file E:\analyses\ethnicity-covid-research/output/tempdata/model2_ae_eth5.ster s
> aved
(note: file E:\analyses\ethnicity-covid-research/output/tempdata/model2_ae_eth5
> .dta not found)
file E:\analyses\ethnicity-covid-research/output/tempdata/model2_ae_eth5.dta sa
> ved

-------------------------------------------------------------------------------
active results
-------------------------------------------------------------------------------

Stratified Cox regr. -- Breslow method for ties

No. of subjects =    8,543,138                  Number of obs    =   8,543,138
No. of failures =      301,496
Time at risk    =    643006117
                                                LR chi2(40)      =    98939.24
Log likelihood  =     -3804958                  Prob > chi2      =      0.0000

------------------------------------------------------------------------------
          _t | Haz. Ratio   Std. Err.      z    P>|z|     [95% Conf. Interval]
-------------+----------------------------------------------------------------
        eth5 |
South Asian  |   .8962362   .0074763   -13.13   0.000      .881702      .91101
      Black  |   1.029996   .0131659     2.31   0.021     1.004511    1.056126
      Mixed  |   .9930921   .0180396    -0.38   0.703     .9583572    1.029086
      Other  |   .8878928   .0143927    -7.34   0.000      .860127    .9165549
             |
        male |
       Male  |   .9659699   .0036625    -9.13   0.000     .9588181     .973175
        age1 |   .9795535   .0006425   -31.50   0.000      .978295    .9808136
        age2 |   .9864136   .0020072    -6.72   0.000     .9824875    .9903554
        age3 |     1.1431   .0063314    24.15   0.000     1.130758    1.155577
             |
         imd |
          2  |   1.097285   .0068803    14.81   0.000     1.083883    1.110854
          3  |   1.192024   .0074066    28.27   0.000     1.177596     1.20663
          4  |   1.311955   .0080605    44.19   0.000     1.296252    1.327849
5 most de..  |   1.472091   .0092462    61.56   0.000      1.45408    1.490325
             |
hh_total_cat |
        3-5  |   1.007199   .0046267     1.56   0.118      .998171    1.016308
        6-9  |   1.114621   .0105961    11.41   0.000     1.094045    1.135583
        10+  |   1.014106   .0057198     2.48   0.013     1.002958    1.025379
             |
         bmi |   1.006467   .0003311    19.59   0.000     1.005818    1.007117
gp_consult~t |   1.012446   .0000506   247.49   0.000     1.012347    1.012545
             |
smoke_nomiss |
     Former  |    1.10571    .004716    23.56   0.000     1.096505    1.114992
    Current  |   1.421085    .007486    66.71   0.000     1.406488    1.435833
             |
1.htdiag_o~p |   1.061923   .0047086    13.55   0.000     1.052734    1.071192
    1.asthma |          1  (omitted)
1.~c_disease |   1.576924   .0086221    83.30   0.000     1.560116    1.593914
             |
     diabcat |
T1DM, con..  |   1.282037   .0453424     7.02   0.000     1.196177    1.374059
T1DM, unc..  |   1.716213   .0313974    29.52   0.000     1.655765    1.778867
T2DM, con..  |   1.090922    .007322    12.97   0.000     1.076665    1.105367
T2DM, unc..  |   1.253048   .0101125    27.95   0.000     1.233384    1.273025
Diabetes,..  |   1.393371   .0910117     5.08   0.000     1.225937    1.583672
             |
    1.cancer |    1.37058   .0083013    52.05   0.000     1.354406    1.386948
1.~r_disease |   1.879854   .0260144    45.61   0.000     1.829552    1.931539
    1.stroke |   1.579876   .0121553    59.44   0.000     1.556231    1.603881
  1.dementia |   1.671334   .0292288    29.37   0.000     1.615017    1.729614
1.other_ne~o |   1.624104   .0192731    40.87   0.000     1.586765    1.662321
             |
         ckd |
          2  |   1.050883   .0078053     6.68   0.000     1.035696    1.066293
          3  |   1.211107   .0122582    18.92   0.000     1.187318    1.235373
          4  |   1.501849   .0239937    25.46   0.000     1.455551     1.54962
          5  |   1.985929   .0667527    20.41   0.000     1.859313    2.121168
             |
      1.esrf |   1.421859   .0456343    10.97   0.000     1.335172    1.514173
1.perm_imm~f |   1.364545   .1907915     2.22   0.026     1.037463    1.794748
1.temp_imm~f |   2.294611   .2833433     6.73   0.000     1.801362    2.922921
1.other_im~o |   .8695287   .1212375    -1.00   0.316     .6616096    1.142789
1.ra_sle_p~s |   1.095435   .0076425    13.07   0.000     1.080558    1.110517
------------------------------------------------------------------------------
                                                             Stratified by stp
(note: file E:\analyses\ethnicity-covid-research/output/tempdata/model3_ae_eth5
> .ster not found)
file E:\analyses\ethnicity-covid-research/output/tempdata/model3_ae_eth5.ster s
> aved
(note: file E:\analyses\ethnicity-covid-research/output/tempdata/model3_ae_eth5
> .dta not found)
file E:\analyses\ethnicity-covid-research/output/tempdata/model3_ae_eth5.dta sa
> ved
  353,503
  25,577
  9,671
  4,781
  6,111
file E:\analyses\ethnicity-covid-research/output/tempdata/crude_icu_eth5.ster s
> aved
file E:\analyses\ethnicity-covid-research/output/tempdata/crude_icu_eth5.dta sa
> ved
(note: file E:\analyses\ethnicity-covid-research/output/tempdata/model0_icu_eth
> 5.ster not found)
file E:\analyses\ethnicity-covid-research/output/tempdata/model0_icu_eth5.ster 
> saved
(note: file E:\analyses\ethnicity-covid-research/output/tempdata/model0_icu_eth
> 5.dta not found)
file E:\analyses\ethnicity-covid-research/output/tempdata/model0_icu_eth5.dta s
> aved

-------------------------------------------------------------------------------
active results
-------------------------------------------------------------------------------

Stratified Cox regr. -- Breslow method for ties

No. of subjects =   12,729,506                  Number of obs    =  12,729,506
No. of failures =        1,473
Time at risk    =   1194779036
                                                LR chi2(12)      =     1561.09
Log likelihood  =   -18701.075                  Prob > chi2      =      0.0000

------------------------------------------------------------------------------
          _t | Haz. Ratio   Std. Err.      z    P>|z|     [95% Conf. Interval]
-------------+----------------------------------------------------------------
        eth5 |
South Asian  |   2.859176   .2321874    12.94   0.000     2.438465    3.352471
      Black  |   3.698559   .3897184    12.41   0.000     3.008439     4.54699
      Mixed  |   2.786122   .5142044     5.55   0.000     1.940453    4.000343
      Other  |   3.016637   .3986047     8.36   0.000     2.328355    3.908381
             |
        male |
       Male  |   2.551948   .1465929    16.31   0.000     2.280215    2.856064
        age1 |   1.063557   .0169306     3.87   0.000     1.030886    1.097264
        age2 |   1.160224   .0487651     3.54   0.000     1.068477    1.259849
        age3 |   .5062981   .0555714    -6.20   0.000     .4082988    .6278189
             |
         imd |
          2  |     1.0357   .0944755     0.38   0.701     .8661405    1.238454
          3  |   1.225746   .1080956     2.31   0.021     1.031181    1.457021
          4  |   1.398055   .1205706     3.89   0.000     1.180634    1.655516
5 most de..  |   1.277557   .1172134     2.67   0.008     1.067294    1.529243
------------------------------------------------------------------------------
                                                             Stratified by stp
file E:\analyses\ethnicity-covid-research/output/tempdata/model1_icu_eth5.ster 
> saved
file E:\analyses\ethnicity-covid-research/output/tempdata/model1_icu_eth5.dta s
> aved

-------------------------------------------------------------------------------
active results
-------------------------------------------------------------------------------

Stratified Cox regr. -- Breslow method for ties

No. of subjects =    8,549,097                  Number of obs    =   8,549,097
No. of failures =        1,206
Time at risk    =    802084837
                                                LR chi2(35)      =     1861.45
Log likelihood  =   -14502.698                  Prob > chi2      =      0.0000

------------------------------------------------------------------------------
          _t | Haz. Ratio   Std. Err.      z    P>|z|     [95% Conf. Interval]
-------------+----------------------------------------------------------------
        eth5 |
South Asian  |    2.35692   .2299377     8.79   0.000     1.946717    2.853559
      Black  |   3.192408   .3854628     9.61   0.000     2.519656    4.044785
      Mixed  |   2.714436   .5693489     4.76   0.000     1.799457     4.09466
      Other  |   3.345452   .5311913     7.61   0.000     2.450761    4.566766
             |
        male |
       Male  |   3.027801    .198864    16.87   0.000     2.662079    3.443766
        age1 |   1.026516   .0224558     1.20   0.232     .9834333    1.071485
        age2 |   1.181043   .0649673     3.02   0.002     1.060334    1.315494
        age3 |   .5020345    .070609    -4.90   0.000     .3810796    .6613805
             |
         imd |
          2  |   .9701333   .0969246    -0.30   0.762     .7976073    1.179978
          3  |   1.104173   .1069911     1.02   0.306     .9131841    1.335107
          4  |   1.184608   .1132494     1.77   0.076     .9821983     1.42873
5 most de..  |   1.127249   .1138163     1.19   0.235     .9248588    1.373928
             |
         bmi |   1.087571   .0053456    17.08   0.000     1.077144    1.098098
gp_consult~t |   1.010262   .0016866     6.12   0.000     1.006962    1.013573
             |
smoke_nomiss |
     Former  |   1.082796   .0667959     1.29   0.197     .9594836    1.221957
    Current  |   .2464256   .0382349    -9.03   0.000      .181809    .3340077
             |
1.htdiag_o~p |     1.0845   .0711857     1.24   0.217     .9535809    1.233394
    1.asthma |          1  (omitted)
1.~c_disease |   .9580766   .0827136    -0.50   0.620     .8089347    1.134716
             |
     diabcat |
T1DM, con..  |   1.539051   .7757974     0.86   0.392     .5730381    4.133544
T1DM, unc..  |   2.438474   .6644387     3.27   0.001     1.429492     4.15963
T2DM, con..  |   1.368638   .1182298     3.63   0.000     1.155467    1.621136
T2DM, unc..  |   2.055069   .1782921     8.30   0.000     1.733718    2.435983
Diabetes,..  |   .9047674   .9061861    -0.10   0.920     .1270576    6.442778
             |
    1.cancer |   1.092024   .1150193     0.84   0.403     .8883369    1.342413
1.~r_disease |   .4304833    .163541    -2.22   0.027     .2044486    .9064179
    1.stroke |   1.087401   .1602109     0.57   0.570     .8146652    1.451445
  1.dementia |   .2743369   .2751989    -1.29   0.197     .0384068    1.959568
1.other_ne~o |   1.069324   .2631083     0.27   0.785      .660192    1.732002
             |
         ckd |
          2  |   1.392509   .1517456     3.04   0.002     1.124709    1.724074
          3  |   1.441593   .2540505     2.08   0.038     1.020554    2.036334
          4  |   .9388077   .3140812    -0.19   0.850     .4873089    1.808627
          5  |   1.028737   .3922703     0.07   0.941     .4872259    2.172092
             |
      1.esrf |   7.203106   2.286823     6.22   0.000     3.866184    13.42014
1.perm_imm~f |   .7062485   .2076449    -1.18   0.237     .3969126    1.256667
1.temp_imm~f |   1.36e-19          .        .       .            .           .
1.other_im~o |   1.018597          .        .       .            .           .
1.ra_sle_p~s |   1.317869   .1353742     2.69   0.007     1.077544    1.611794
------------------------------------------------------------------------------
                                                             Stratified by stp
file E:\analyses\ethnicity-covid-research/output/tempdata/model2_icu_eth5.ster 
> saved
file E:\analyses\ethnicity-covid-research/output/tempdata/model2_icu_eth5.dta s
> aved

-------------------------------------------------------------------------------
active results
-------------------------------------------------------------------------------

Stratified Cox regr. -- Breslow method for ties

No. of subjects =    8,549,097                  Number of obs    =   8,549,097
No. of failures =        1,206
Time at risk    =    802084837
                                                LR chi2(39)      =     1867.55
Log likelihood  =   -14499.648                  Prob > chi2      =      0.0000

------------------------------------------------------------------------------
          _t | Haz. Ratio   Std. Err.      z    P>|z|     [95% Conf. Interval]
-------------+----------------------------------------------------------------
        eth5 |
South Asian  |   2.242151   .2263351     8.00   0.000     1.839669    2.732686
      Black  |   3.119664   .3782071     9.38   0.000      2.45988    3.956414
      Mixed  |   2.668028   .5600609     4.67   0.000     1.768113    4.025974
      Other  |   3.265269    .519823     7.43   0.000     2.390065    4.460959
             |
        male |
       Male  |   3.022239   .1985346    16.84   0.000     2.657127     3.43752
        age1 |   1.025382   .0224103     1.15   0.251     .9823858     1.07026
        age2 |   1.187749   .0653981     3.12   0.002     1.066245    1.323098
        age3 |   .4947919    .069641    -5.00   0.000     .3755066      .65197
             |
         imd |
          2  |   .9695568   .0968783    -0.31   0.757      .797115    1.179303
          3  |   1.102982   .1069004     1.01   0.312     .9121591    1.333726
          4  |   1.181196    .112989     1.74   0.082     .9792627    1.424771
5 most de..  |   1.121851   .1134066     1.14   0.255     .9202129    1.367673
             |
hh_total_cat |
        3-5  |   1.079195   .0756315     1.09   0.277     .9406897    1.238093
        6-9  |   1.320383    .170437     2.15   0.031      1.02524    1.700491
        10+  |   .9432465   .0877623    -0.63   0.530     .7860082     1.13194
             |
         bmi |   1.087459    .005347    17.05   0.000      1.07703     1.09799
gp_consult~t |   1.010323   .0016863     6.15   0.000     1.007023    1.013633
             |
smoke_nomiss |
     Former  |   1.085195   .0669691     1.32   0.185     .9615651     1.22472
    Current  |   .2471817   .0383643    -9.00   0.000     .1823492    .3350647
             |
1.htdiag_o~p |   1.085449   .0712451     1.25   0.212     .9544197    1.234466
    1.asthma |          1  (omitted)
1.~c_disease |    .957251   .0826432    -0.51   0.613     .8082363     1.13374
             |
     diabcat |
T1DM, con..  |   1.543443   .7779938     0.86   0.389     .5746864    4.145248
T1DM, unc..  |   2.444302   .6659829     3.28   0.001     1.432959    4.169425
T2DM, con..  |   1.365228   .1179583     3.60   0.000      1.15255    1.617151
T2DM, unc..  |   2.047991   .1777156     8.26   0.000     1.727685     2.42768
Diabetes,..  |   .9054206   .9068366    -0.10   0.921     .1271504    6.447377
             |
    1.cancer |   1.093741   .1152072     0.85   0.395      .889723    1.344542
1.~r_disease |   .4315021   .1639312    -2.21   0.027     .2049294    .9085763
    1.stroke |   1.087319   .1602025     0.57   0.570     .8145983    1.451345
  1.dementia |   .2743508   .2752235    -1.29   0.197     .0384058    1.959816
1.other_ne~o |   1.070353   .2633686     0.28   0.782     .6608191    1.733692
             |
         ckd |
          2  |   1.392477   .1517588     3.04   0.002     1.124657    1.724075
          3  |   1.441224   .2539865     2.07   0.038     1.020292    2.035815
          4  |   .9346542   .3127183    -0.20   0.840     .4851258    1.800726
          5  |   1.032042   .3935365     0.08   0.934     .4887857    2.179095
             |
      1.esrf |   7.196189   2.285594     6.21   0.000     3.861455    13.41078
1.perm_imm~f |   .7088367   .2085751    -1.17   0.242     .3981808    1.261863
1.temp_imm~f |   3.69e-19   8.02e-10    -0.00   1.000            0           .
1.other_im~o |   1.020919          .        .       .            .           .
1.ra_sle_p~s |   1.319454   .1355392     2.70   0.007     1.078837    1.613738
------------------------------------------------------------------------------
                                                             Stratified by stp
file E:\analyses\ethnicity-covid-research/output/tempdata/model3_icu_eth5.ster 
> saved
file E:\analyses\ethnicity-covid-research/output/tempdata/model3_icu_eth5.dta s
> aved
  1,031
  233
  116
  31
  65
file E:\analyses\ethnicity-covid-research/output/tempdata/crude_cpnsdeath_eth5.
> ster saved
file E:\analyses\ethnicity-covid-research/output/tempdata/crude_cpnsdeath_eth5.
> dta saved
(note: file E:\analyses\ethnicity-covid-research/output/tempdata/model0_cpnsdea
> th_eth5.ster not found)
file E:\analyses\ethnicity-covid-research/output/tempdata/model0_cpnsdeath_eth5
> .ster saved
(note: file E:\analyses\ethnicity-covid-research/output/tempdata/model0_cpnsdea
> th_eth5.dta not found)
file E:\analyses\ethnicity-covid-research/output/tempdata/model0_cpnsdeath_eth5
> .dta saved

-------------------------------------------------------------------------------
active results
-------------------------------------------------------------------------------

Stratified Cox regr. -- Breslow method for ties

No. of subjects =   12,729,506                  Number of obs    =  12,729,506
No. of failures =        6,904
Time at risk    =   2195964570
                                                LR chi2(12)      =    19588.91
Log likelihood  =   -81314.377                  Prob > chi2      =      0.0000

------------------------------------------------------------------------------
          _t | Haz. Ratio   Std. Err.      z    P>|z|     [95% Conf. Interval]
-------------+----------------------------------------------------------------
        eth5 |
South Asian  |   1.664393   .0777198    10.91   0.000     1.518828    1.823909
      Black  |   1.668757   .1186057     7.20   0.000     1.451759     1.91819
      Mixed  |   1.453873   .2020181     2.69   0.007     1.107262    1.908984
      Other  |   1.312484   .1377819     2.59   0.010     1.068407     1.61232
             |
        male |
       Male  |   2.040114   .0506322    28.73   0.000     1.943252    2.141805
        age1 |   1.123769   .0244897     5.35   0.000     1.076781    1.172808
        age2 |    1.01796   .0492481     0.37   0.713     .9258701    1.119208
        age3 |   .9306581   .1052667    -0.64   0.525     .7456084    1.161635
             |
         imd |
          2  |   1.269095   .0537119     5.63   0.000      1.16807    1.378858
          3  |   1.514814   .0631949     9.95   0.000     1.395882    1.643878
          4  |   1.897787   .0778372    15.62   0.000       1.7512    2.056645
5 most de..  |   2.277895   .0959636    19.54   0.000     2.097366    2.473964
------------------------------------------------------------------------------
                                                             Stratified by stp
file E:\analyses\ethnicity-covid-research/output/tempdata/model1_cpnsdeath_eth5
> .ster saved
file E:\analyses\ethnicity-covid-research/output/tempdata/model1_cpnsdeath_eth5
> .dta saved

-------------------------------------------------------------------------------
active results
-------------------------------------------------------------------------------

Stratified Cox regr. -- Breslow method for ties

No. of subjects =    8,549,097                  Number of obs    =   8,549,097
No. of failures =        5,976
Time at risk    =   1473662046
                                                LR chi2(37)      =    17932.31
Log likelihood  =   -67492.502                  Prob > chi2      =      0.0000

------------------------------------------------------------------------------
          _t | Haz. Ratio   Std. Err.      z    P>|z|     [95% Conf. Interval]
-------------+----------------------------------------------------------------
        eth5 |
South Asian  |   1.554692   .0812974     8.44   0.000     1.403245    1.722484
      Black  |   1.418096   .1123826     4.41   0.000     1.214084    1.656389
      Mixed  |   1.369068   .2113285     2.04   0.042     1.011659    1.852747
      Other  |   1.459087   .1683076     3.28   0.001     1.163842     1.82923
             |
        male |
       Male  |   1.763238   .0487071    20.53   0.000     1.670312    1.861333
        age1 |   1.089683   .0292936     3.19   0.001     1.033755    1.148637
        age2 |   1.024319   .0602654     0.41   0.683     .9127568    1.149517
        age3 |   .9308041    .127266    -0.52   0.600     .7119937     1.21686
             |
         imd |
          2  |   1.201798   .0548326     4.03   0.000     1.098993    1.314219
          3  |   1.378115   .0620502     7.12   0.000     1.261711    1.505259
          4  |   1.654236   .0732592    11.37   0.000     1.516706    1.804237
5 most de..  |   1.888205   .0860785    13.94   0.000     1.726812    2.064682
             |
         bmi |   1.023955   .0026152     9.27   0.000     1.018842    1.029093
gp_consult~t |   1.011597   .0005947    19.61   0.000     1.010432    1.012764
             |
smoke_nomiss |
     Former  |   1.348022   .0408989     9.84   0.000     1.270199    1.430614
    Current  |   1.220916   .0656099     3.71   0.000     1.098863    1.356525
             |
1.htdiag_o~p |   .9422355   .0307026    -1.83   0.068     .8839409    1.004375
    1.asthma |          1  (omitted)
1.~c_disease |   1.390942   .0398426    11.52   0.000     1.315004    1.471266
             |
     diabcat |
T1DM, con..  |   1.700315   .3739134     2.41   0.016     1.104951     2.61647
T1DM, unc..  |   2.823307    .351292     8.34   0.000     2.212314    3.603043
T2DM, con..  |   1.419684   .0475025    10.47   0.000     1.329568    1.515908
T2DM, unc..  |   1.890208   .0754458    15.95   0.000     1.747973    2.044017
Diabetes,..  |   3.610913   .8126732     5.70   0.000     2.322979    5.612918
             |
    1.cancer |   1.387521   .0439852    10.33   0.000     1.303935    1.476465
1.~r_disease |   2.167859   .1799189     9.32   0.000     1.842411    2.550795
    1.stroke |   1.520742   .0551776    11.55   0.000     1.416351    1.632826
  1.dementia |   2.397071   .1424699    14.71   0.000     2.133486    2.693222
1.other_ne~o |    2.57919   .1400015    17.45   0.000     2.318884    2.868716
             |
         ckd |
          2  |   1.375798   .0490285     8.95   0.000     1.282983    1.475327
          3  |    1.79912   .0749303    14.10   0.000     1.658093    1.952141
          4  |   2.593854   .1466396    16.86   0.000     2.321796     2.89779
          5  |   4.080001   .4607501    12.45   0.000     3.269904    5.090794
             |
      1.esrf |    2.51873   .2999972     7.76   0.000     1.994334    3.181012
1.perm_imm~f |   .4625081   .4827252    -0.74   0.460     .0598012    3.577079
1.temp_imm~f |   1.204335   1.206003     0.19   0.853     .1691872    8.572893
1.other_im~o |   3.163921    3.29704     1.11   0.269     .4104032    24.39162
1.ra_sle_p~s |   1.184531   .0529095     3.79   0.000     1.085239    1.292906
------------------------------------------------------------------------------
                                                             Stratified by stp
file E:\analyses\ethnicity-covid-research/output/tempdata/model2_cpnsdeath_eth5
> .ster saved
file E:\analyses\ethnicity-covid-research/output/tempdata/model2_cpnsdeath_eth5
> .dta saved

-------------------------------------------------------------------------------
active results
-------------------------------------------------------------------------------

Stratified Cox regr. -- Breslow method for ties

No. of subjects =    8,549,097                  Number of obs    =   8,549,097
No. of failures =        5,976
Time at risk    =   1473662046
                                                LR chi2(40)      =    18249.09
Log likelihood  =   -67334.114                  Prob > chi2      =      0.0000

------------------------------------------------------------------------------
          _t | Haz. Ratio   Std. Err.      z    P>|z|     [95% Conf. Interval]
-------------+----------------------------------------------------------------
        eth5 |
South Asian  |   1.359737   .0742409     5.63   0.000     1.221742    1.513317
      Black  |   1.393427   .1106834     4.18   0.000     1.192535    1.628161
      Mixed  |   1.340014   .2069728     1.89   0.058     .9900029     1.81377
      Other  |   1.385937    .160147     2.82   0.005      1.10506    1.738205
             |
        male |
       Male  |   1.778225   .0491843    20.81   0.000     1.684392    1.877285
        age1 |   1.073005      .0282     2.68   0.007     1.019134    1.129725
        age2 |   1.075334   .0621563     1.26   0.209     .9601569    1.204327
        age3 |   .8205913   .1104783    -1.47   0.142     .6302712    1.068382
             |
         imd |
          2  |    1.20729   .0550934     4.13   0.000     1.103997    1.320247
          3  |   1.374715   .0619214     7.07   0.000     1.258554    1.501597
          4  |   1.640399   .0727011    11.17   0.000      1.50392    1.789262
5 most de..  |   1.871759   .0853487    13.75   0.000     1.711736    2.046742
             |
hh_total_cat |
        3-5  |   1.185519   .0475666     4.24   0.000     1.095862    1.282512
        6-9  |   1.853933   .1271753     9.00   0.000     1.620704    2.120725
        10+  |   1.756952   .0572246    17.30   0.000     1.648299    1.872767
             |
         bmi |   1.024677   .0026096     9.57   0.000     1.019575    1.029804
gp_consult~t |   1.011534   .0005789    20.04   0.000       1.0104    1.012669
             |
smoke_nomiss |
     Former  |   1.354744   .0411104    10.01   0.000     1.276518    1.437763
    Current  |   1.235095   .0663619     3.93   0.000     1.111643    1.372257
             |
1.htdiag_o~p |    .946538   .0308244    -1.69   0.092     .8880109    1.008923
    1.asthma |          1  (omitted)
1.~c_disease |   1.395787   .0399737    11.64   0.000     1.319598    1.476375
             |
     diabcat |
T1DM, con..  |   1.693083   .3723127     2.39   0.017     1.100265     2.60531
T1DM, unc..  |   2.812762   .3499625     8.31   0.000     2.204078    3.589542
T2DM, con..  |   1.419771   .0474862    10.48   0.000     1.329684     1.51596
T2DM, unc..  |   1.881804   .0751227    15.84   0.000     1.740179    2.034955
Diabetes,..  |   3.565213   .8022693     5.65   0.000     2.293729    5.541519
             |
    1.cancer |   1.398682   .0443463    10.58   0.000     1.314411    1.488357
1.~r_disease |   2.171737   .1802176     9.35   0.000     1.845746    2.555305
    1.stroke |    1.50252    .054542    11.22   0.000     1.399334    1.613315
  1.dementia |   2.161597    .129187    12.90   0.000     1.922662    2.430225
1.other_ne~o |   2.522701   .1369691    17.04   0.000     2.268037     2.80596
             |
         ckd |
          2  |   1.384647   .0493529     9.13   0.000     1.291218    1.484836
          3  |   1.806249   .0752402    14.19   0.000      1.66464    1.959904
          4  |   2.604654   .1472145    16.94   0.000     2.331526    2.909777
          5  |   4.128402   .4661476    12.56   0.000     3.308802    5.151019
             |
      1.esrf |    2.52347    .300663     7.77   0.000      1.99793    3.187249
1.perm_imm~f |   .4530016   .4728051    -0.76   0.448     .0585716    3.503583
1.temp_imm~f |   1.174911   1.176554     0.16   0.872     .1650492    8.363668
1.other_im~o |   3.245301   3.381913     1.13   0.259     .4209414    25.02005
1.ra_sle_p~s |   1.187807   .0530867     3.85   0.000     1.088186    1.296548
------------------------------------------------------------------------------
                                                             Stratified by stp
file E:\analyses\ethnicity-covid-research/output/tempdata/model3_cpnsdeath_eth5
> .ster saved
file E:\analyses\ethnicity-covid-research/output/tempdata/model3_cpnsdeath_eth5
> .dta saved
  5,972
  594
  225
  53
  95
file E:\analyses\ethnicity-covid-research/output/tempdata/crude_onsdeath_eth5.s
> ter saved
file E:\analyses\ethnicity-covid-research/output/tempdata/crude_onsdeath_eth5.d
> ta saved
(note: file E:\analyses\ethnicity-covid-research/output/tempdata/model0_onsdeat
> h_eth5.ster not found)
file E:\analyses\ethnicity-covid-research/output/tempdata/model0_onsdeath_eth5.
> ster saved
(note: file E:\analyses\ethnicity-covid-research/output/tempdata/model0_onsdeat
> h_eth5.dta not found)
file E:\analyses\ethnicity-covid-research/output/tempdata/model0_onsdeath_eth5.
> dta saved

-------------------------------------------------------------------------------
active results
-------------------------------------------------------------------------------

Stratified Cox regr. -- Breslow method for ties

No. of subjects =   12,729,506                  Number of obs    =  12,729,506
No. of failures =       64,640
Time at risk    =   2069326714
                                                LR chi2(12)      =   188654.12
Log likelihood  =   -756750.39                  Prob > chi2      =      0.0000

------------------------------------------------------------------------------
          _t | Haz. Ratio   Std. Err.      z    P>|z|     [95% Conf. Interval]
-------------+----------------------------------------------------------------
        eth5 |
South Asian  |   .8547166   .0188987    -7.10   0.000     .8184671    .8925716
      Black  |   .8854014   .0309389    -3.48   0.000     .8267923    .9481653
      Mixed  |   .8421064   .0539108    -2.68   0.007     .7428034    .9546848
      Other  |   .7231432   .0355278    -6.60   0.000     .6567574    .7962393
             |
        male |
       Male  |   1.391781   .0110617    41.59   0.000     1.370269    1.413631
        age1 |   1.175217   .0088923    21.34   0.000     1.157917    1.192776
        age2 |   .8528518    .014219    -9.55   0.000     .8254334    .8811809
        age3 |   1.528353   .0592905    10.93   0.000     1.416454    1.649092
             |
         imd |
          2  |   1.159684   .0149096    11.52   0.000     1.130827    1.189278
          3  |    1.30325   .0167723    20.58   0.000     1.270788    1.336541
          4  |   1.541622   .0199333    33.47   0.000     1.503044     1.58119
5 most de..  |   1.888279   .0251693    47.69   0.000     1.839587     1.93826
------------------------------------------------------------------------------
                                                             Stratified by stp
file E:\analyses\ethnicity-covid-research/output/tempdata/model1_onsdeath_eth5.
> ster saved
file E:\analyses\ethnicity-covid-research/output/tempdata/model1_onsdeath_eth5.
> dta saved

-------------------------------------------------------------------------------
active results
-------------------------------------------------------------------------------

Stratified Cox regr. -- Breslow method for ties

No. of subjects =    8,549,097                  Number of obs    =   8,549,097
No. of failures =       55,290
Time at risk    =   1388732780
                                                LR chi2(37)      =   172611.92
Log likelihood  =   -620589.04                  Prob > chi2      =      0.0000

------------------------------------------------------------------------------
          _t | Haz. Ratio   Std. Err.      z    P>|z|     [95% Conf. Interval]
-------------+----------------------------------------------------------------
        eth5 |
South Asian  |   .8825338   .0215647    -5.11   0.000      .841264    .9258282
      Black  |    .865055   .0334153    -3.75   0.000     .8019801    .9330907
      Mixed  |     .87578   .0621673    -1.87   0.062     .7620305    1.006509
      Other  |    .797876   .0437758    -4.12   0.000     .7165291    .8884581
             |
        male |
       Male  |   1.193682   .0105691    20.00   0.000     1.173146    1.214578
        age1 |   1.183312    .011749    16.95   0.000     1.160507    1.206565
        age2 |   .8104867   .0173228    -9.83   0.000     .7772359      .84516
        age3 |   1.694768   .0834398    10.72   0.000     1.538872    1.866458
             |
         imd |
          2  |    1.13028    .015734     8.80   0.000     1.099858    1.161542
          3  |   1.244282   .0173707    15.66   0.000     1.210697    1.278798
          4  |   1.425567   .0200442    25.22   0.000     1.386817    1.465399
5 most de..  |    1.65622   .0241258    34.64   0.000     1.609603    1.704188
             |
         bmi |   .9595346   .0008902   -44.52   0.000     .9577914     .961281
gp_consult~t |   1.012451   .0001938    64.64   0.000     1.012071    1.012831
             |
smoke_nomiss |
     Former  |   1.216231   .0119939    19.85   0.000     1.192949    1.239967
    Current  |   1.885304   .0288007    41.51   0.000     1.829692    1.942606
             |
1.htdiag_o~p |   .9654192   .0100697    -3.37   0.001     .9458833    .9853586
    1.asthma |          1  (omitted)
1.~c_disease |   1.426898    .013494    37.59   0.000     1.400694    1.453593
             |
     diabcat |
T1DM, con..  |   1.989798   .1474926     9.28   0.000     1.720735    2.300932
T1DM, unc..  |   2.278562   .1069652    17.54   0.000      2.07827    2.498158
T2DM, con..  |   1.311526   .0150312    23.66   0.000     1.282393     1.34132
T2DM, unc..  |   1.550741   .0234902    28.96   0.000     1.505377    1.597471
Diabetes,..  |   2.136447    .224613     7.22   0.000     1.738609     2.62532
             |
    1.cancer |   2.610963   .0237767   105.39   0.000     2.564775    2.657983
1.~r_disease |   2.890489   .0726146    42.25   0.000     2.751614    3.036372
    1.stroke |   1.540366   .0180609    36.85   0.000     1.505371    1.576175
  1.dementia |   2.634449    .047431    53.80   0.000     2.543108    2.729072
1.other_ne~o |   2.216441    .041714    42.29   0.000     2.136172    2.299725
             |
         ckd |
          2  |   1.088927   .0128485     7.22   0.000     1.064033    1.114403
          3  |   1.367096   .0188809    22.64   0.000     1.330586    1.404607
          4  |   2.069214   .0391076    38.48   0.000     1.993967    2.147301
          5  |   3.707265   .1530872    31.73   0.000      3.41904    4.019787
             |
      1.esrf |   1.725164   .0834911    11.27   0.000     1.569045    1.896816
1.perm_imm~f |   .9257715   .1887222    -0.38   0.705     .6208448    1.380462
1.temp_imm~f |   3.625094   .6756444     6.91   0.000     2.515779    5.223554
1.other_im~o |   1.333739   .2695643     1.42   0.154     .8974972    1.982023
1.ra_sle_p~s |    1.08287   .0163894     5.26   0.000     1.051219    1.115473
------------------------------------------------------------------------------
                                                             Stratified by stp
file E:\analyses\ethnicity-covid-research/output/tempdata/model2_onsdeath_eth5.
> ster saved
file E:\analyses\ethnicity-covid-research/output/tempdata/model2_onsdeath_eth5.
> dta saved

-------------------------------------------------------------------------------
active results
-------------------------------------------------------------------------------

Stratified Cox regr. -- Breslow method for ties

No. of subjects =    8,549,097                  Number of obs    =   8,549,097
No. of failures =       55,290
Time at risk    =   1388732780
                                                LR chi2(40)      =   178522.50
Log likelihood  =   -617633.75                  Prob > chi2      =      0.0000

------------------------------------------------------------------------------
          _t | Haz. Ratio   Std. Err.      z    P>|z|     [95% Conf. Interval]
-------------+----------------------------------------------------------------
        eth5 |
South Asian  |   .7190337   .0180582   -13.13   0.000     .6844973    .7553127
      Black  |   .8433432   .0326229    -4.40   0.000     .7817672    .9097692
      Mixed  |   .8510116   .0604361    -2.27   0.023     .7404331    .9781041
      Other  |   .7406886   .0406697    -5.47   0.000     .6651167     .824847
             |
        male |
       Male  |    1.21518   .0107838    21.96   0.000     1.194227    1.236501
        age1 |   1.151294    .011036    14.70   0.000     1.129865    1.173128
        age2 |   .8826094   .0183307    -6.01   0.000     .8474033     .919278
        age3 |   1.358191   .0651794     6.38   0.000     1.236266    1.492142
             |
         imd |
          2  |   1.136803   .0158278     9.21   0.000     1.106201    1.168253
          3  |   1.240928   .0173319    15.46   0.000     1.207419    1.275367
          4  |   1.408276   .0198144    24.33   0.000     1.369971    1.447652
5 most de..  |   1.624701   .0236779    33.30   0.000      1.57895    1.671778
             |
hh_total_cat |
        3-5  |   1.324767   .0186016    20.03   0.000     1.288806    1.361732
        6-9  |   2.577298   .0597594    40.83   0.000     2.462794    2.697127
        10+  |   2.124306   .0214265    74.70   0.000     2.082723    2.166719
             |
         bmi |   .9614453   .0008866   -42.64   0.000     .9597091    .9631845
gp_consult~t |   1.012553    .000189    66.85   0.000     1.012183    1.012923
             |
smoke_nomiss |
     Former  |   1.223074   .0120604    20.42   0.000     1.199663    1.246941
    Current  |   1.916507    .029268    42.60   0.000     1.859992    1.974738
             |
1.htdiag_o~p |    .971926   .0101277    -2.73   0.006     .9522773    .9919801
    1.asthma |          1  (omitted)
1.~c_disease |   1.435321   .0135654    38.24   0.000     1.408978    1.462157
             |
     diabcat |
T1DM, con..  |   1.971551   .1461486     9.16   0.000     1.704941    2.279851
T1DM, unc..  |    2.26544   .1063261    17.42   0.000     2.066342    2.483721
T2DM, con..  |    1.30917   .0149975    23.52   0.000     1.280103    1.338898
T2DM, unc..  |   1.536131    .023272    28.33   0.000     1.491189    1.582427
Diabetes,..  |   2.052731   .2157843     6.84   0.000     1.670526    2.522382
             |
    1.cancer |    2.63837   .0240307   106.52   0.000     2.591689    2.685893
1.~r_disease |   2.892847   .0726889    42.27   0.000      2.75383    3.038881
    1.stroke |    1.50852   .0176919    35.06   0.000      1.47424    1.543597
  1.dementia |    2.22852   .0404327    44.17   0.000     2.150665    2.309192
1.other_ne~o |   2.129297   .0400893    40.14   0.000     2.052155    2.209338
             |
         ckd |
          2  |   1.100164    .012984     8.09   0.000     1.075007    1.125908
          3  |   1.375468    .018997    23.08   0.000     1.338734     1.41321
          4  |   2.068708   .0390922    38.47   0.000      1.99349    2.146764
          5  |   3.734968   .1540653    31.95   0.000      3.44489    4.049473
             |
      1.esrf |   1.743866   .0843521    11.50   0.000     1.586134    1.917284
1.perm_imm~f |    .907346   .1848953    -0.48   0.633     .6085812     1.35278
1.temp_imm~f |   3.486169   .6499391     6.70   0.000     2.419111      5.0239
1.other_im~o |   1.363774   .2757213     1.53   0.125     .9175944    2.026909
1.ra_sle_p~s |   1.087229   .0164649     5.52   0.000     1.055433    1.119983
------------------------------------------------------------------------------
                                                             Stratified by stp
file E:\analyses\ethnicity-covid-research/output/tempdata/model3_onsdeath_eth5.
> ster saved
file E:\analyses\ethnicity-covid-research/output/tempdata/model3_onsdeath_eth5.
> dta saved
  61,086
  2,338
  881
  248
  426
file E:\analyses\ethnicity-covid-research/output/tempdata/crude_onscoviddeath_e
> th5.ster saved
file E:\analyses\ethnicity-covid-research/output/tempdata/crude_onscoviddeath_e
> th5.dta saved
(note: file E:\analyses\ethnicity-covid-research/output/tempdata/model0_onscovi
> ddeath_eth5.ster not found)
file E:\analyses\ethnicity-covid-research/output/tempdata/model0_onscoviddeath_
> eth5.ster saved
(note: file E:\analyses\ethnicity-covid-research/output/tempdata/model0_onscovi
> ddeath_eth5.dta not found)
file E:\analyses\ethnicity-covid-research/output/tempdata/model0_onscoviddeath_
> eth5.dta saved

-------------------------------------------------------------------------------
active results
-------------------------------------------------------------------------------

Stratified Cox regr. -- Breslow method for ties

No. of subjects =   12,729,506                  Number of obs    =  12,729,506
No. of failures =       11,370
Time at risk    =   2056661847
                                                LR chi2(12)      =    36893.81
Log likelihood  =   -131689.77                  Prob > chi2      =      0.0000

------------------------------------------------------------------------------
          _t | Haz. Ratio   Std. Err.      z    P>|z|     [95% Conf. Interval]
-------------+----------------------------------------------------------------
        eth5 |
South Asian  |   1.377074   .0559912     7.87   0.000     1.271592    1.491306
      Black  |   1.491074   .0906246     6.57   0.000     1.323624    1.679707
      Mixed  |   1.383784   .1604173     2.80   0.005     1.102532    1.736781
      Other  |   1.183103   .1050346     1.89   0.058     .9941546    1.407964
             |
        male |
       Male  |   1.665612   .0316828    26.82   0.000     1.604658    1.728881
        age1 |   1.162945   .0247901     7.08   0.000     1.115358    1.212562
        age2 |   .9187245    .042522    -1.83   0.067     .8390512    1.005963
        age3 |   1.247707   .1334615     2.07   0.039     1.011727    1.538727
             |
         imd |
          2  |   1.217118   .0387382     6.17   0.000     1.143513    1.295462
          3  |   1.376482   .0437832    10.05   0.000     1.293289    1.465027
          4  |    1.72054   .0538442    17.34   0.000     1.618179    1.829376
5 most de..  |   2.075389   .0665911    22.76   0.000     1.948892    2.210097
------------------------------------------------------------------------------
                                                             Stratified by stp
file E:\analyses\ethnicity-covid-research/output/tempdata/model1_onscoviddeath_
> eth5.ster saved
file E:\analyses\ethnicity-covid-research/output/tempdata/model1_onscoviddeath_
> eth5.dta saved

-------------------------------------------------------------------------------
active results
-------------------------------------------------------------------------------

Stratified Cox regr. -- Breslow method for ties

No. of subjects =    8,549,097                  Number of obs    =   8,549,097
No. of failures =        9,810
Time at risk    =   1380238972
                                                LR chi2(37)      =    31860.82
Log likelihood  =   -109734.48                  Prob > chi2      =      0.0000

------------------------------------------------------------------------------
          _t | Haz. Ratio   Std. Err.      z    P>|z|     [95% Conf. Interval]
-------------+----------------------------------------------------------------
        eth5 |
South Asian  |   1.294633     .05865     5.70   0.000     1.184637    1.414843
      Black  |   1.292319   .0874036     3.79   0.000      1.13188      1.4755
      Mixed  |   1.354428   .1725801     2.38   0.017     1.055107    1.738663
      Other  |    1.23335   .1228816     2.11   0.035     1.014563    1.499317
             |
        male |
       Male  |   1.485376   .0314967    18.66   0.000     1.424909     1.54841
        age1 |   1.104511   .0267414     4.11   0.000     1.053323    1.158187
        age2 |     .98996   .0521058    -0.19   0.848     .8929257    1.097539
        age3 |   1.048298   .1276337     0.39   0.698     .8257488    1.330826
             |
         imd |
          2  |   1.161448   .0398763     4.36   0.000     1.085864    1.242294
          3  |   1.288091   .0442144     7.38   0.000     1.204283    1.377731
          4  |   1.566855   .0529421    13.29   0.000     1.466452    1.674133
5 most de..  |   1.828565   .0634825    17.38   0.000     1.708281     1.95732
             |
         bmi |   .9972004   .0020944    -1.33   0.182      .993104    1.001314
gp_consult~t |   1.009711   .0005822    16.76   0.000      1.00857    1.010852
             |
smoke_nomiss |
     Former  |   1.278752   .0295561    10.64   0.000     1.222116    1.338013
    Current  |   1.124642   .0493694     2.68   0.007     1.031925    1.225688
             |
1.htdiag_o~p |     .86614   .0215502    -5.78   0.000     .8249157    .9094245
    1.asthma |          1  (omitted)
1.~c_disease |   1.231659   .0275674     9.31   0.000     1.178796    1.286893
             |
     diabcat |
T1DM, con..  |   1.491275   .2997226     1.99   0.047     1.005726    2.211239
T1DM, unc..  |    2.56462   .2785378     8.67   0.000     2.072889    3.173001
T2DM, con..  |   1.387938   .0365323    12.45   0.000     1.318152    1.461419
T2DM, unc..  |   1.766037   .0585016    17.17   0.000     1.655019    1.884502
Diabetes,..  |   3.039304   .6232288     5.42   0.000     2.033433    4.542746
             |
    1.cancer |    1.25249   .0314146     8.98   0.000     1.192408      1.3156
1.~r_disease |   1.976332   .1430554     9.41   0.000     1.714929    2.277579
    1.stroke |   1.578018   .0431097    16.70   0.000     1.495747    1.664814
  1.dementia |   3.576722   .1340327    34.01   0.000     3.323438    3.849309
1.other_ne~o |   2.479751   .1038206    21.69   0.000     2.284391    2.691818
             |
         ckd |
          2  |   1.240727   .0337159     7.94   0.000     1.176375    1.308601
          3  |    1.48396   .0477984    12.25   0.000     1.393173    1.580663
          4  |   2.068004   .0932524    16.11   0.000     1.893077    2.259095
          5  |   3.189993   .3134464    11.81   0.000     2.631184    3.867481
             |
      1.esrf |    2.50255    .263536     8.71   0.000     2.035847     3.07624
1.perm_imm~f |   .3126918    .321546    -1.13   0.258     .0416689    2.346501
1.temp_imm~f |   .9061974   .9069745    -0.10   0.922     .1274357    6.443982
1.other_im~o |   4.515855   4.636684     1.47   0.142     .6036194    33.78445
1.ra_sle_p~s |   1.153721   .0409973     4.02   0.000     1.076102    1.236939
------------------------------------------------------------------------------
                                                             Stratified by stp
file E:\analyses\ethnicity-covid-research/output/tempdata/model2_onscoviddeath_
> eth5.ster saved
file E:\analyses\ethnicity-covid-research/output/tempdata/model2_onscoviddeath_
> eth5.dta saved

-------------------------------------------------------------------------------
active results
-------------------------------------------------------------------------------

Stratified Cox regr. -- Breslow method for ties

No. of subjects =    8,549,097                  Number of obs    =   8,549,097
No. of failures =        9,810
Time at risk    =   1380238972
                                                LR chi2(40)      =    34595.04
Log likelihood  =   -108367.37                  Prob > chi2      =      0.0000

------------------------------------------------------------------------------
          _t | Haz. Ratio   Std. Err.      z    P>|z|     [95% Conf. Interval]
-------------+----------------------------------------------------------------
        eth5 |
South Asian  |   .9791313    .046238    -0.45   0.655      .892574    1.074083
      Black  |   1.257107   .0853241     3.37   0.001     1.100521    1.435973
      Mixed  |   1.297745   .1655471     2.04   0.041     1.010661    1.666376
      Other  |   1.103098   .1100866     0.98   0.325     .9071234    1.341412
             |
        male |
       Male  |   1.531883   .0325987    20.04   0.000     1.469305    1.597126
        age1 |   1.059158   .0240565     2.53   0.011     1.013042    1.107373
        age2 |   1.128545   .0563711     2.42   0.015     1.023296     1.24462
        age3 |   .7454486   .0866141    -2.53   0.011     .5936304    .9360936
             |
         imd |
          2  |   1.173606    .040312     4.66   0.000     1.097196    1.255336
          3  |   1.280791   .0440127     7.20   0.000     1.197368    1.370026
          4  |   1.530697   .0518178    12.58   0.000     1.432432    1.635703
5 most de..  |   1.779556   .0618448    16.58   0.000     1.662379    1.904993
             |
hh_total_cat |
        3-5  |   1.506289   .0506784    12.18   0.000     1.410165    1.608965
        6-9  |   3.553912   .1721883    26.17   0.000     3.231957    3.907938
        10+  |   3.326194   .0766384    52.16   0.000     3.179327    3.479846
             |
         bmi |   1.000007   .0020798     0.00   0.997     .9959391    1.004092
gp_consult~t |   1.009789   .0005441    18.08   0.000     1.008723    1.010856
             |
smoke_nomiss |
     Former  |   1.291947   .0298608    11.08   0.000     1.234727    1.351819
    Current  |   1.157559   .0508024     3.33   0.001     1.062151    1.261538
             |
1.htdiag_o~p |   .8774011   .0217916    -5.27   0.000     .8357132    .9211684
    1.asthma |          1  (omitted)
1.~c_disease |   1.244518   .0278235     9.78   0.000     1.191163    1.300264
             |
     diabcat |
T1DM, con..  |   1.466483   .2947251     1.91   0.057     .9890259    2.174436
T1DM, unc..  |   2.543741    .276242     8.60   0.000     2.056057    3.147101
T2DM, con..  |   1.389309   .0365276    12.51   0.000      1.31953    1.462779
T2DM, unc..  |   1.747132    .057884    16.84   0.000     1.637287    1.864347
Diabetes,..  |   2.862096   .5867798     5.13   0.000     1.915019    4.277554
             |
    1.cancer |   1.275794   .0320026     9.71   0.000     1.214587    1.340086
1.~r_disease |   1.979618   .1432771     9.44   0.000     1.717808    2.281329
    1.stroke |    1.52769    .041742    15.51   0.000     1.448029    1.611733
  1.dementia |   2.782755   .1051497    27.09   0.000     2.584112    2.996668
1.other_ne~o |   2.332702   .0976637    20.23   0.000     2.148928    2.532192
             |
         ckd |
          2  |   1.262849   .0343287     8.58   0.000     1.197327    1.331957
          3  |   1.499719    .048318    12.58   0.000     1.407946    1.597475
          4  |   2.090561   .0942296    16.36   0.000     1.913797    2.283651
          5  |   3.290117   .3227539    12.14   0.000     2.714627    3.987609
             |
      1.esrf |   2.510329   .2641896     8.75   0.000     2.042441    3.085404
1.perm_imm~f |   .2858685   .2939423    -1.22   0.223        .0381    2.144906
1.temp_imm~f |   .8276318   .8283955    -0.19   0.850     .1163725    5.886052
1.other_im~o |   4.977592   5.111185     1.56   0.118     .6652313    37.24483
1.ra_sle_p~s |   1.161987   .0413209     4.22   0.000     1.083758    1.245864
------------------------------------------------------------------------------
                                                             Stratified by stp
file E:\analyses\ethnicity-covid-research/output/tempdata/model3_onscoviddeath_
> eth5.ster saved
file E:\analyses\ethnicity-covid-research/output/tempdata/model3_onscoviddeath_
> eth5.dta saved
  10,185
  747
  303
  76
  133
file E:\analyses\ethnicity-covid-research/output/tempdata/crude_ons_noncoviddea
> th_eth5.ster saved
file E:\analyses\ethnicity-covid-research/output/tempdata/crude_ons_noncoviddea
> th_eth5.dta saved
(note: file E:\analyses\ethnicity-covid-research/output/tempdata/model0_ons_non
> coviddeath_eth5.ster not found)
file E:\analyses\ethnicity-covid-research/output/tempdata/model0_ons_noncovidde
> ath_eth5.ster saved
(note: file E:\analyses\ethnicity-covid-research/output/tempdata/model0_ons_non
> coviddeath_eth5.dta not found)
file E:\analyses\ethnicity-covid-research/output/tempdata/model0_ons_noncovidde
> ath_eth5.dta saved

-------------------------------------------------------------------------------
active results
-------------------------------------------------------------------------------

Stratified Cox regr. -- Breslow method for ties

No. of subjects =   12,729,506                  Number of obs    =  12,729,506
No. of failures =       53,270
Time at risk    =   2069326714
                                                LR chi2(12)      =   152276.07
Log likelihood  =   -624802.73                  Prob > chi2      =      0.0000

------------------------------------------------------------------------------
          _t | Haz. Ratio   Std. Err.      z    P>|z|     [95% Conf. Interval]
-------------+----------------------------------------------------------------
        eth5 |
South Asian  |   .7278373   .0193203   -11.97   0.000     .6909385    .7667068
      Black  |   .7320277   .0314554    -7.26   0.000      .672901    .7963498
      Mixed  |   .7197276   .0553217    -4.28   0.000     .6190714    .8367497
      Other  |   .6180459   .0365201    -8.14   0.000     .5504572    .6939335
             |
        male |
       Male  |   1.339628   .0117289    33.40   0.000     1.316836    1.362814
        age1 |   1.178093   .0095487    20.22   0.000     1.159526    1.196958
        age2 |   .8401243   .0150382    -9.73   0.000     .8111609    .8701218
        age3 |   1.591201   .0663463    11.14   0.000     1.466337    1.726699
             |
         imd |
          2  |   1.149053   .0161496     9.89   0.000     1.117832    1.181146
          3  |   1.289598   .0181499    18.07   0.000     1.254511    1.325666
          4  |    1.50703    .021414    28.86   0.000     1.465639    1.549591
5 most de..  |   1.852778   .0271712    42.05   0.000     1.800281    1.906805
------------------------------------------------------------------------------
                                                             Stratified by stp
file E:\analyses\ethnicity-covid-research/output/tempdata/model1_ons_noncovidde
> ath_eth5.ster saved
file E:\analyses\ethnicity-covid-research/output/tempdata/model1_ons_noncovidde
> ath_eth5.dta saved

-------------------------------------------------------------------------------
active results
-------------------------------------------------------------------------------

Stratified Cox regr. -- Breslow method for ties

No. of subjects =    8,549,097                  Number of obs    =   8,549,097
No. of failures =       45,480
Time at risk    =   1388732780
                                                LR chi2(37)      =   143446.48
Log likelihood  =   -509506.87                  Prob > chi2      =      0.0000

------------------------------------------------------------------------------
          _t | Haz. Ratio   Std. Err.      z    P>|z|     [95% Conf. Interval]
-------------+----------------------------------------------------------------
        eth5 |
South Asian  |   .7684077   .0225064    -8.99   0.000     .7255383    .8138102
      Black  |   .7378244   .0349709    -6.41   0.000     .6723701    .8096507
      Mixed  |   .7549315   .0646041    -3.29   0.001      .638359    .8927915
      Other  |    .690802    .045498    -5.62   0.000     .6071434    .7859879
             |
        male |
       Male  |   1.143526   .0111552    13.75   0.000      1.12187      1.1656
        age1 |   1.199661   .0130661    16.71   0.000     1.174324    1.225546
        age2 |   .7786454   .0182272   -10.69   0.000     .7437279    .8152022
        age3 |   1.865882    .100548    11.57   0.000     1.678862    2.073736
             |
         imd |
          2  |   1.124394   .0171229     7.70   0.000      1.09133     1.15846
          3  |   1.235632   .0188836    13.84   0.000      1.19917    1.273203
          4  |    1.39581   .0216005    21.55   0.000      1.35411    1.438795
5 most de..  |   1.619443   .0260139    30.01   0.000     1.569251    1.671241
             |
         bmi |   .9513209   .0009835   -48.27   0.000     .9493953    .9532505
gp_consult~t |   1.012875   .0002036    63.64   0.000     1.012476    1.013274
             |
smoke_nomiss |
     Former  |   1.202222   .0131099    16.89   0.000     1.176799    1.228193
    Current  |   2.040324   .0334678    43.47   0.000     1.975772    2.106986
             |
1.htdiag_o~p |     .98805   .0113523    -1.05   0.295     .9660485    1.010553
    1.asthma |          1  (omitted)
1.~c_disease |   1.473962   .0153789    37.18   0.000     1.444126    1.504415
             |
     diabcat |
T1DM, con..  |   2.099553   .1674259     9.30   0.000     1.795763    2.454736
T1DM, unc..  |   2.220349   .1155863    15.32   0.000     2.004978    2.458854
T2DM, con..  |   1.294373   .0164971    20.24   0.000      1.26244    1.327114
T2DM, unc..  |   1.499632   .0256043    23.73   0.000     1.450279    1.550664
Diabetes,..  |   1.933641   .2368386     5.38   0.000      1.52096    2.458293
             |
    1.cancer |   2.996439   .0296283   110.99   0.000     2.938928    3.055076
1.~r_disease |   3.085769   .0827268    42.03   0.000     2.927814    3.252246
    1.stroke |   1.530493   .0198738    32.77   0.000     1.492032    1.569945
  1.dementia |   2.429319   .0499826    43.14   0.000     2.333304    2.529285
1.other_ne~o |   2.155658   .0454371    36.44   0.000     2.068417    2.246578
             |
         ckd |
          2  |   1.057477   .0138592     4.26   0.000     1.030659    1.084992
          3  |   1.343499   .0205422    19.31   0.000     1.303834    1.384371
          4  |   2.069569     .04308    34.94   0.000     1.986833     2.15575
          5  |   3.841512   .1746473    29.60   0.000     3.514017    4.199528
             |
      1.esrf |   1.564795   .0855827     8.19   0.000     1.405733    1.741854
1.perm_imm~f |   .9896093   .2072058    -0.05   0.960     .6565049    1.491728
1.temp_imm~f |   4.057488   .7699562     7.38   0.000     2.797253    5.885492
1.other_im~o |   1.208898   .2504655     0.92   0.360     .8054403    1.814453
1.ra_sle_p~s |   1.068947    .017881     3.99   0.000     1.034469    1.104574
------------------------------------------------------------------------------
                                                             Stratified by stp
file E:\analyses\ethnicity-covid-research/output/tempdata/model2_ons_noncovidde
> ath_eth5.ster saved
file E:\analyses\ethnicity-covid-research/output/tempdata/model2_ons_noncovidde
> ath_eth5.dta saved

-------------------------------------------------------------------------------
active results
-------------------------------------------------------------------------------

Stratified Cox regr. -- Breslow method for ties

No. of subjects =    8,549,097                  Number of obs    =   8,549,097
No. of failures =       45,480
Time at risk    =   1388732780
                                                LR chi2(40)      =   147087.73
Log likelihood  =   -507686.25                  Prob > chi2      =      0.0000

------------------------------------------------------------------------------
          _t | Haz. Ratio   Std. Err.      z    P>|z|     [95% Conf. Interval]
-------------+----------------------------------------------------------------
        eth5 |
South Asian  |   .6371981   .0191104   -15.03   0.000     .6008219    .6757766
      Black  |   .7199143   .0341587    -6.93   0.000     .6559832     .790076
      Mixed  |   .7356399    .062974    -3.59   0.000     .6220119    .8700252
      Other  |    .646187   .0425863    -6.63   0.000     .5678853     .735285
             |
        male |
       Male  |   1.160974    .011348    15.27   0.000     1.138944     1.18343
        age1 |   1.171153   .0123876    14.94   0.000     1.147124    1.195686
        age2 |    .839373   .0191906    -7.66   0.000     .8025903    .8778414
        age3 |   1.535129   .0810147     8.12   0.000     1.384279    1.702417
             |
         imd |
          2  |   1.129641   .0172052     8.00   0.000     1.096418    1.163871
          3  |   1.232618   .0188442    13.68   0.000     1.196232    1.270111
          4  |   1.381377   .0213876    20.87   0.000     1.340087    1.423938
5 most de..  |   1.591809   .0255802    28.93   0.000     1.542454    1.642743
             |
hh_total_cat |
        3-5  |   1.294137   .0200112    16.67   0.000     1.255504    1.333958
        6-9  |   2.385161   .0632485    32.78   0.000     2.264362    2.512404
        10+  |   1.920782   .0216747    57.84   0.000     1.878767    1.963737
             |
         bmi |   .9529935   .0009801   -46.82   0.000     .9510745    .9549163
gp_consult~t |      1.013   .0002003    65.31   0.000     1.012608    1.013393
             |
smoke_nomiss |
     Former  |   1.207825     .01317    17.32   0.000     1.182286    1.233916
    Current  |   2.068581   .0339204    44.33   0.000     2.003155    2.136143
             |
1.htdiag_o~p |   .9935251   .0114059    -0.57   0.572     .9714196    1.016134
    1.asthma |          1  (omitted)
1.~c_disease |   1.481368   .0154478    37.68   0.000     1.451398    1.511957
             |
     diabcat |
T1DM, con..  |    2.08584   .1663437     9.22   0.000     1.784015    2.438728
T1DM, unc..  |   2.208398   .1149424    15.22   0.000     1.994224    2.445572
T2DM, con..  |   1.291657   .0164571    20.09   0.000     1.259801    1.324318
T2DM, unc..  |   1.486212   .0253792    23.20   0.000     1.437293    1.536796
Diabetes,..  |   1.866365   .2285767     5.09   0.000     1.468076     2.37271
             |
    1.cancer |   3.023112   .0298976   111.86   0.000     2.965078    3.082281
1.~r_disease |   3.089488   .0828441    42.07   0.000      2.93131    3.256202
    1.stroke |   1.502526   .0195164    31.35   0.000     1.464757    1.541268
  1.dementia |   2.096141   .0434515    35.70   0.000     2.012684    2.183058
1.other_ne~o |   2.081693   .0438968    34.77   0.000     1.997411    2.169532
             |
         ckd |
          2  |   1.066705    .013983     4.93   0.000     1.039648    1.094467
          3  |   1.350502   .0206494    19.65   0.000     1.310631    1.391587
          4  |   2.066359    .043008    34.87   0.000     1.983761    2.152396
          5  |   3.856186   .1751808    29.71   0.000      3.52768    4.215283
             |
      1.esrf |   1.580701   .0864263     8.37   0.000     1.420069    1.759503
1.perm_imm~f |   .9778691   .2046615    -0.11   0.915     .6488284    1.473776
1.temp_imm~f |   3.934691     .74688     7.22   0.000     2.712291    5.708014
1.other_im~o |   1.225248   .2539342     0.98   0.327     .8162279    1.839233
1.ra_sle_p~s |   1.072708    .017952     4.19   0.000     1.038094    1.108477
------------------------------------------------------------------------------
                                                             Stratified by stp
file E:\analyses\ethnicity-covid-research/output/tempdata/model3_ons_noncovidde
> ath_eth5.ster saved
file E:\analyses\ethnicity-covid-research/output/tempdata/model3_ons_noncovidde
> ath_eth5.dta saved
  50,901
  1,591
  578
  172
  293
(note: file E:\analyses\ethnicity-covid-research/output/tempdata/crude_severe_e
> th5.ster not found)
file E:\analyses\ethnicity-covid-research/output/tempdata/crude_severe_eth5.ste
> r saved
(note: file E:\analyses\ethnicity-covid-research/output/tempdata/crude_severe_e
> th5.dta not found)
file E:\analyses\ethnicity-covid-research/output/tempdata/crude_severe_eth5.dta
>  saved
(note: file E:\analyses\ethnicity-covid-research/output/tempdata/model0_severe_
> eth5.ster not found)
file E:\analyses\ethnicity-covid-research/output/tempdata/model0_severe_eth5.st
> er saved
(note: file E:\analyses\ethnicity-covid-research/output/tempdata/model0_severe_
> eth5.dta not found)
file E:\analyses\ethnicity-covid-research/output/tempdata/model0_severe_eth5.dt
> a saved

-------------------------------------------------------------------------------
active results
-------------------------------------------------------------------------------

Stratified Cox regr. -- Breslow method for ties

No. of subjects =   12,721,655                  Number of obs    =  12,721,655
No. of failures =      440,406
Time at risk    =   2140013182
                                                LR chi2(12)      =   111899.18
Log likelihood  =   -5743905.5                  Prob > chi2      =      0.0000

------------------------------------------------------------------------------
          _t | Haz. Ratio   Std. Err.      z    P>|z|     [95% Conf. Interval]
-------------+----------------------------------------------------------------
        eth5 |
South Asian  |   .8425837   .0055947   -25.80   0.000     .8316894    .8536207
      Black  |   .9461372    .009703    -5.40   0.000     .9273095    .9653472
      Mixed  |   .9355513   .0135491    -4.60   0.000      .909369    .9624874
      Other  |   .6549159   .0083724   -33.11   0.000     .6387102    .6715328
             |
        male |
       Male  |   .9823574   .0029776    -5.87   0.000     .9765387    .9882108
        age1 |   .9917478   .0004579   -17.95   0.000     .9908507    .9926458
        age2 |   .9799095   .0014642   -13.58   0.000     .9770439    .9827836
        age3 |   1.207718   .0049698    45.86   0.000     1.198017    1.217498
             |
         imd |
          2  |     1.1288   .0058489    23.38   0.000     1.117394    1.140322
          3  |   1.264299     .00647    45.83   0.000     1.251681    1.277044
          4  |   1.444525   .0072872    72.90   0.000     1.430313    1.458879
5 most de..  |   1.719619   .0087821   106.15   0.000     1.702493    1.736918
------------------------------------------------------------------------------
                                                             Stratified by stp
(note: file E:\analyses\ethnicity-covid-research/output/tempdata/model1_severe_
> eth5.ster not found)
file E:\analyses\ethnicity-covid-research/output/tempdata/model1_severe_eth5.st
> er saved
(note: file E:\analyses\ethnicity-covid-research/output/tempdata/model1_severe_
> eth5.dta not found)
file E:\analyses\ethnicity-covid-research/output/tempdata/model1_severe_eth5.dt
> a saved

-------------------------------------------------------------------------------
active results
-------------------------------------------------------------------------------

Stratified Cox regr. -- Breslow method for ties

No. of subjects =    8,543,138                  Number of obs    =   8,543,138
No. of failures =      339,422
Time at risk    =   1431292498
                                                LR chi2(37)      =   158501.66
Log likelihood  =   -4258623.2                  Prob > chi2      =      0.0000

------------------------------------------------------------------------------
          _t | Haz. Ratio   Std. Err.      z    P>|z|     [95% Conf. Interval]
-------------+----------------------------------------------------------------
        eth5 |
South Asian  |   .8999469   .0071011   -13.36   0.000     .8861361     .913973
      Black  |   1.027335   .0126365     2.19   0.028     1.002864    1.052403
      Mixed  |    .988534   .0175465    -0.65   0.516     .9547347     1.02353
      Other  |    .881797   .0138649    -8.00   0.000     .8550368    .9093948
             |
        male |
       Male  |   .9867337   .0035181    -3.75   0.000     .9798623    .9936532
        age1 |   .9842719   .0006377   -24.47   0.000     .9830229    .9855226
        age2 |   .9675047   .0019009   -16.81   0.000     .9637862    .9712375
        age3 |   1.236096   .0065409    40.06   0.000     1.223342    1.248982
             |
         imd |
          2  |   1.097546    .006438    15.87   0.000        1.085    1.110237
          3  |   1.197646   .0069691    30.99   0.000     1.184064    1.211383
          4  |   1.323266   .0076353    48.54   0.000     1.308385    1.338316
5 most de..  |   1.493344   .0088197    67.90   0.000     1.476157    1.510731
             |
         bmi |   1.002121   .0003171     6.70   0.000       1.0015    1.002743
gp_consult~t |   1.012468   .0000496   252.79   0.000     1.012371    1.012565
             |
smoke_nomiss |
     Former  |   1.110684   .0044476    26.22   0.000     1.102001    1.119435
    Current  |   1.447271   .0073285    73.01   0.000     1.432978    1.461706
             |
1.htdiag_o~p |    1.04959    .004403    11.54   0.000     1.040996    1.058255
    1.asthma |          1  (omitted)
1.~c_disease |    1.52992   .0075617    86.03   0.000     1.515171    1.544813
             |
     diabcat |
T1DM, con..  |   1.324976   .0437929     8.51   0.000     1.241865     1.41365
T1DM, unc..  |   1.735027    .030349    31.50   0.000     1.676552    1.795541
T2DM, con..  |   1.114862   .0067355    18.00   0.000     1.101738    1.128142
T2DM, unc..  |   1.279593    .009478    33.28   0.000     1.261151    1.298305
Diabetes,..  |   1.515227   .0876115     7.19   0.000     1.352885    1.697051
             |
    1.cancer |   1.572214   .0082151    86.60   0.000     1.556195    1.588398
1.~r_disease |   1.978806   .0250715    53.87   0.000     1.930271     2.02856
    1.stroke |   1.569881   .0106326    66.59   0.000      1.54918     1.59086
  1.dementia |   2.074595   .0276934    54.67   0.000     2.021021    2.129589
1.other_ne~o |   1.723441   .0181209    51.77   0.000     1.688288    1.759326
             |
         ckd |
          2  |   1.039762   .0068292     5.94   0.000     1.026463    1.053234
          3  |   1.223988   .0105654    23.41   0.000     1.203455    1.244872
          4  |   1.632451   .0213557    37.46   0.000     1.591127    1.674849
          5  |   2.348902   .0658739    30.45   0.000     2.223276    2.481627
             |
      1.esrf |   1.432031   .0407466    12.62   0.000     1.354356    1.514162
1.perm_imm~f |   1.152393   .1446142     1.13   0.258     .9011204    1.473731
1.temp_imm~f |   2.338652   .2639588     7.53   0.000     1.874529    2.917689
1.other_im~o |   1.025882   .1283617     0.20   0.838     .8027725       1.311
1.ra_sle_p~s |   1.089774    .007116    13.17   0.000     1.075915     1.10381
------------------------------------------------------------------------------
                                                             Stratified by stp
(note: file E:\analyses\ethnicity-covid-research/output/tempdata/model2_severe_
> eth5.ster not found)
file E:\analyses\ethnicity-covid-research/output/tempdata/model2_severe_eth5.st
> er saved
(note: file E:\analyses\ethnicity-covid-research/output/tempdata/model2_severe_
> eth5.dta not found)
file E:\analyses\ethnicity-covid-research/output/tempdata/model2_severe_eth5.dt
> a saved

-------------------------------------------------------------------------------
active results
-------------------------------------------------------------------------------

Stratified Cox regr. -- Breslow method for ties

No. of subjects =    8,543,138                  Number of obs    =   8,543,138
No. of failures =      339,422
Time at risk    =   1431292498
                                                LR chi2(40)      =   159704.09
Log likelihood  =     -4258022                  Prob > chi2      =      0.0000

------------------------------------------------------------------------------
          _t | Haz. Ratio   Std. Err.      z    P>|z|     [95% Conf. Interval]
-------------+----------------------------------------------------------------
        eth5 |
South Asian  |   .8670318   .0069697   -17.75   0.000     .8534784    .8808004
      Black  |   1.016932   .0125252     1.36   0.173     .9926772     1.04178
      Mixed  |    .984399   .0174755    -0.89   0.376     .9507366    1.019253
      Other  |   .8714139   .0137103    -8.75   0.000     .8449523    .8987043
             |
        male |
       Male  |   .9874582   .0035211    -3.54   0.000     .9805809    .9943837
        age1 |   .9829383   .0006378   -26.52   0.000     .9816889    .9841892
        age2 |   .9733501   .0019286   -13.63   0.000     .9695775    .9771373
        age3 |   1.215904   .0064867    36.64   0.000     1.203256    1.228684
             |
         imd |
          2  |    1.09902   .0064471    16.10   0.000     1.086456    1.111729
          3  |   1.198436   .0069749    31.10   0.000     1.184843    1.212185
          4  |   1.322329   .0076324    48.41   0.000     1.307454    1.337373
5 most de..  |   1.488874   .0087999    67.34   0.000     1.471726    1.506222
             |
hh_total_cat |
        3-5  |    1.05499   .0046867    12.05   0.000     1.045844    1.064216
        6-9  |   1.227704   .0110447    22.80   0.000     1.206246    1.249543
        10+  |   1.162406   .0058818    29.74   0.000     1.150934    1.173991
             |
         bmi |   1.002104   .0003171     6.64   0.000     1.001483    1.002726
gp_consult~t |    1.01254   .0000496   254.46   0.000     1.012442    1.012637
             |
smoke_nomiss |
     Former  |   1.112154   .0044542    26.54   0.000     1.103459    1.120919
    Current  |   1.451627   .0073549    73.56   0.000     1.437283    1.466114
             |
1.htdiag_o~p |   1.050376   .0044056    11.72   0.000     1.041777    1.059046
    1.asthma |          1  (omitted)
1.~c_disease |   1.530848   .0075667    86.15   0.000     1.516089    1.545751
             |
     diabcat |
T1DM, con..  |    1.32837   .0439057     8.59   0.000     1.245045    1.417272
T1DM, unc..  |   1.736908   .0303817    31.56   0.000      1.67837    1.797488
T2DM, con..  |   1.114708   .0067347    17.97   0.000     1.101586    1.127986
T2DM, unc..  |    1.27802    .009467    33.12   0.000       1.2596    1.296711
Diabetes,..  |    1.50733   .0871545     7.10   0.000     1.345834    1.688205
             |
    1.cancer |   1.574904   .0082299    86.92   0.000     1.558856    1.591117
1.~r_disease |   1.984665   .0251485    54.09   0.000     1.935981    2.034572
    1.stroke |   1.565261   .0106044    66.13   0.000     1.544614    1.586183
  1.dementia |   2.007455   .0268785    52.05   0.000     1.955459    2.060833
1.other_ne~o |   1.717241   .0180586    51.42   0.000     1.682209    1.753003
             |
         ckd |
          2  |   1.040736   .0068369     6.08   0.000     1.027422    1.054222
          3  |   1.222814   .0105573    23.30   0.000     1.202296    1.243682
          4  |   1.628721   .0213082    37.29   0.000     1.587488    1.671024
          5  |   2.347597   .0657919    30.45   0.000     2.222125    2.480154
             |
      1.esrf |   1.435076   .0408137    12.70   0.000     1.357272    1.517341
1.perm_imm~f |   1.148339   .1441048     1.10   0.270     .8979521    1.468545
1.temp_imm~f |   2.320388   .2619029     7.46   0.000     1.859882    2.894916
1.other_im~o |   1.033404   .1293049     0.26   0.793     .8086551    1.320617
1.ra_sle_p~s |   1.090233   .0071191    13.23   0.000     1.076369    1.104276
------------------------------------------------------------------------------
                                                             Stratified by stp
(note: file E:\analyses\ethnicity-covid-research/output/tempdata/model3_severe_
> eth5.ster not found)
file E:\analyses\ethnicity-covid-research/output/tempdata/model3_severe_eth5.st
> er saved
(note: file E:\analyses\ethnicity-covid-research/output/tempdata/model3_severe_
> eth5.dta not found)
file E:\analyses\ethnicity-covid-research/output/tempdata/model3_severe_eth5.dt
> a saved
  395,543
  27,174
  10,293
  4,953
  6,421

. 
. file close tablecontent

. 
. ************************************************create forestplot dataset
. dsconcat `hr'

. duplicates drop

Duplicates in terms of all variables

(0 observations are duplicates)

. split idstr, p(_)
variables created as string: 
idstr1  idstr2  idstr3  idstr4

. ren idstr1 model

. ren idstr2 outcome

. drop idstr idstr3

. tab model

      model |      Freq.     Percent        Cum.
------------+-----------------------------------
      crude |         55        3.42        3.42
     model0 |        110        6.85       10.27
     model1 |        165       10.27       20.55
     model2 |        616       38.36       58.90
     model3 |        660       41.10      100.00
------------+-----------------------------------
      Total |      1,606      100.00

. 
. *keep ORs for ethnicity
. keep if regexm(label, "Eth")
(1,331 observations deleted)

. drop label

. 
. gen eth5=1 if regexm(parm, "1b")
(220 missing values generated)

. forvalues i=2/5 {
  2.         replace eth5=`i' if regexm(parm, "`i'.eth5")
  3. }
(55 real changes made)
(55 real changes made)
(55 real changes made)
(55 real changes made)

. 
. drop parm  stderr z 

. order outcome model eth5 

. 
. destring eth5, replace
eth5 already numeric; no replace

. 
.  label define eth5              1 "White"                                    
>    ///
>                                                 2 "South Asian"              
>            ///                                             
>                                                 3 "Black"                    
>                    ///
>                                                 4 "Mixed"                    
>                    ///
>                                                 5 "Other"                    
>                    

.                                         
. 
. label values eth5 eth5

. 
. graph set window 

   window           current
   setting          default          choices
   ------------------------------------------------------------------------
   fontface         Arial             font name
   fontfacesans     Arial             font name
   fontfaceserif    Times New Roman   font name
   fontfacemono     Courier New       font name
   fontfacesymbol   Symbol            font name
   ------------------------------------------------------------------------
   To change setting, type "graph set window setting choice"

. gen num=[_n]

. sum num

    Variable |        Obs        Mean    Std. Dev.       Min        Max
-------------+---------------------------------------------------------
         num |        275         138    79.52987          1        275

. 
. gen adjusted="Crude" if model=="crude"
(220 missing values generated)

. replace adjusted="Age-sex" if model=="model0"
variable adjusted was str5 now str7
(55 real changes made)

. replace adjusted="Age-sex-IMD" if model=="model1"
variable adjusted was str7 now str11
(55 real changes made)

. replace adjusted="+ co-morbidities" if model=="model2"
variable adjusted was str11 now str16
(55 real changes made)

. replace adjusted="+ household size" if model=="model3"
(55 real changes made)

. 
. *save dataset for later
. outsheet using "$Tabfigdir/FP_multivariable_eth5.txt", replace
(note: file E:\analyses\ethnicity-covid-research/output/tabfig/FP_multivariable
> _eth5.txt not found)

. save  "$Tabfigdir/FP_multivariable_eth5.dta", replace
(note: file E:\analyses\ethnicity-covid-research/output/tabfig/FP_multivariable
> _eth5.dta not found)
file E:\analyses\ethnicity-covid-research/output/tabfig/FP_multivariable_eth5.d
> ta saved

. 
. 
. * Close log file 
. log close
      name:  <unnamed>
       log:  E:\analyses\ethnicity-covid-research/output/log\06b_eth_an_multiva
> riable_eth5.log
  log type:  text
 closed on:  29 Jul 2020, 16:30:57
-------------------------------------------------------------------------------
