--------------------------------------------------------------
      name:  <unnamed>
       log:  /Users/lsh152058/Documents/GitHub/ethnicity-covid
> -research/logs/06c_sens_onsconfirmeddeath_eth16.log
  log type:  text
 opened on:  13 Jan 2021, 18:07:22

. 
. cap file close tablecontent

. file open tablecontent using ./output/sens_onsconfirmeddeath
> _eth16.txt, write text replace

. file write tablecontent ("Table 2: Association between ethni
> city in 16 categories and confirmed COVID-19 death") _n

. file write tablecontent _tab ("Denominator") _tab ("Event") 
> _tab ("Total person-weeks") _tab ("Rate per 1,000") _tab ("C
> rude") _tab _tab ("Age/Sex Adjusted") _tab _tab ("Age/Sex/IM
> D Adjusted") _tab _tab      ("plus co-morbidities") _tab _ta
> b       ("plus hh siz")  _tab _tab  _n

. file write tablecontent _tab _tab _tab _tab _tab   ("HR") _t
> ab ("95% CI") _tab ("HR") _tab ("95% CI") _tab ("HR") _tab (
> "95% CI") _tab ("HR") _tab ("95% CI") _tab ("HR") _tab ("95%
>  CI") _tab _tab _n

. 
. 
. use ./output/analysis_dataset_STSET_onsconfirmeddeath.dta, c
> lear

. drop if carehome==1
(1,189 observations deleted)

. tab ethnicity_16 `i', missing 

Eth 16 categories |      Freq.     Percent        Cum.
------------------+-----------------------------------
          British |        311        4.66        4.66
            Irish |        317        4.75        9.42
      Other White |        268        4.02       13.44
White + Caribbean |        276        4.14       17.58
  White + African |        300        4.50       22.08
    White + Asian |        339        5.08       27.16
      Other mixed |        305        4.57       31.73
           Indian |        291        4.36       36.10
        Pakistani |        319        4.78       40.88
      Bangladeshi |        333        4.99       45.88
      Other Asian |        340        5.10       50.97
        Caribbean |        331        4.96       55.94
          African |        312        4.68       60.62
      Other Black |        279        4.18       64.80
          Chinese |        318        4.77       69.57
            Other |        335        5.02       74.60
          Unknown |      1,694       25.40      100.00
------------------+-----------------------------------
            Total |      6,668      100.00

. 
. /* Main Model===============================================
> ==================*/
. 
. /* Univariable model */ 
. 
. stcox i.ethnicity_16, strata(stp) nolog

         failure _d:  onsconfirmeddeath
   analysis time _t:  (stime_onsconfirmeddeath-origin)
             origin:  time indexdate
  enter on or after:  time indexdate
                 id:  patient_id

Stratified Cox regr. -- no ties

No. of subjects =        6,668                  Number of obs 
>    =       6,668
No. of failures =            4
Time at risk    =      1226407
                                                LR chi2(3)    
>    =       10.26
Log likelihood  =   -20.933087                  Prob > chi2   
>    =      0.0165

--------------------------------------------------------------
> ----------------
          _t | Haz. Ratio   Std. Err.      z    P>|z|     [95%
>  Con                                                        
>     f. Interval]
-------------+------------------------------------------------
> ----------------
ethnicity_16 |
      Irish  |   2.06e-09          .        .       .         
>    .                                                        
>                .
Other White  |   4.11e+10   5.85e+10    17.19   0.000     2.53
> e+09                                                        
>         6.68e+11
White + C..  |   2.05e-09          .        .       .         
>    .                                                        
>                .
White + A..  |   2.08e-09          .        .       .         
>    .                                                        
>                .
White + A..  |   2.07e-09          .        .       .         
>    .                                                        
>                .
Other mixed  |   2.05e-09          .        .       .         
>    .                                                        
>                .
     Indian  |   2.05e-09          .        .       .         
>    .                                                        
>                .
  Pakistani  |   3.31e+10          .        .       .         
>    .                                                        
>                .
Bangladeshi  |   2.07e-09          .        .       .         
>    .                                                        
>                .
Other Asian  |   2.06e-09          .        .       .         
>    .                                                        
>                .
  Caribbean  |   2.04e-09          .        .       .         
>    .                                                        
>                .
    African  |   3.33e+10   4.73e+10    17.07   0.000     2.07
> e+09                                                        
>         5.38e+11
Other Black  |   2.05e-09          .        .       .         
>    .                                                        
>                .
    Chinese  |   2.07e-09          .        .       .         
>    .                                                        
>                .
      Other  |   2.07e-09          .        .       .         
>    .                                                        
>                .
    Unknown  |   6.24e+09   8.85e+09    15.91   0.000     3.88
> e+08                                                        
>         1.01e+11
--------------------------------------------------------------
> ----------------
                                             Stratified by stp

. estimates save ./output/crude_`i'_eth16, replace 
file ./output/crude__eth16.ster saved

. eststo model1

. parmest, label eform format(estimate p lb ub) saving(./outpu
> t/crude_`i'_eth16, replace) idstr("crude_`i'_eth16") 
(note: file ./output/crude__eth16.dta not found)
file ./output/crude__eth16.dta saved

. local hr "`hr' ./output/crude_`i'_eth16 "

. 
. 
. /* Multivariable models */ 
. *Age and gender
. stcox i.ethnicity_16 i.male age1 age2 age3, strata(stp) nolo
> g

         failure _d:  onsconfirmeddeath
   analysis time _t:  (stime_onsconfirmeddeath-origin)
             origin:  time indexdate
  enter on or after:  time indexdate
                 id:  patient_id

Stratified Cox regr. -- no ties

No. of subjects =        6,668                  Number of obs 
>    =       6,668
No. of failures =            4
Time at risk    =      1226407
                                                LR chi2(8)    
>    =       19.72
Log likelihood  =   -16.201384                  Prob > chi2   
>    =      0.0114

--------------------------------------------------------------
> ----------------
          _t | Haz. Ratio   Std. Err.      z    P>|z|     [95%
>  Con                                                        
>     f. Interval]
-------------+------------------------------------------------
> ----------------
ethnicity_16 |
      Irish  |   2.86e-09          .        .       .         
>    .                                                        
>                .
Other White  |   4.79e+10   7.02e+10    16.78   0.000     2.71
> e+09                                                        
>         8.47e+11
White + C..  |   2.59e-09          .        .       .         
>    .                                                        
>                .
White + A..  |   2.89e-09          .        .       .         
>    .                                                        
>                .
White + A..  |   2.37e-09          .        .       .         
>    .                                                        
>                .
Other mixed  |   4.12e-09          .        .       .         
>    .                                                        
>                .
     Indian  |   2.55e-09          .        .       .         
>    .                                                        
>                .
  Pakistani  |   5.08e+10          .        .       .         
>    .                                                        
>                .
Bangladeshi  |   2.89e-09          .        .       .         
>    .                                                        
>                .
Other Asian  |   2.56e-09          .        .       .         
>    .                                                        
>                .
  Caribbean  |   4.07e-09          .        .       .         
>    .                                                        
>                .
    African  |   4.06e+10   6.11e+10    16.24   0.000     2.13
> e+09                                                        
>         7.75e+11
Other Black  |   2.80e-09   8.276007    -0.00   1.000         
>    0                                                        
>                .
    Chinese  |   2.61e-09          .        .       .         
>    .                                                        
>                .
      Other  |   3.68e-09          .        .       .         
>    .                                                        
>                .
    Unknown  |   7.26e+09   1.08e+10    15.31   0.000     3.97
> e+08                                                        
>         1.33e+11
             |
        male |
       Male  |   .2873327   .3447041    -1.04   0.299     .027
> 3669                                                        
>         3.016791
        age1 |   .6495338   .1763477    -1.59   0.112     .381
> 5061                                                        
>         1.105865
        age2 |   4.071666   4.371146     1.31   0.191     .496
> 5497                                                        
>         33.38732
        age3 |   .0505752   .1275055    -1.18   0.237     .000
> 3614                                                        
>         7.077949
--------------------------------------------------------------
> ----------------
                                             Stratified by stp

. estimates save ./output/model0_`i'_eth16, replace 
(note: file ./output/model0__eth16.ster not found)
file ./output/model0__eth16.ster saved

. eststo model2

. 
. parmest, label eform format(estimate p lb ub) saving(./outpu
> t/model0_`i'_eth16, replace) idstr("model0_`i'_eth16")
(note: file ./output/model0__eth16.dta not found)
file ./output/model0__eth16.dta saved

. local hr "`hr' ./output/model0_`i'_eth16 "

.  
. 
. * Age, Gender, IMD
. 
. stcox i.ethnicity_16 i.male age1 age2 age3 i.imd, strata(stp
> ) nolog

         failure _d:  onsconfirmeddeath
   analysis time _t:  (stime_onsconfirmeddeath-origin)
             origin:  time indexdate
  enter on or after:  time indexdate
                 id:  patient_id

Stratified Cox regr. -- no ties

No. of subjects =        6,668                  Number of obs 
>    =       6,668
No. of failures =            4
Time at risk    =      1226407
                                                LR chi2(8)    
>    =       22.11
Log likelihood  =   -15.008339                  Prob > chi2   
>    =      0.0047

--------------------------------------------------------------
> ----------------
          _t | Haz. Ratio   Std. Err.      z    P>|z|     [95%
>  Con                                                        
>     f. Interval]
-------------+------------------------------------------------
> ----------------
ethnicity_16 |
      Irish  |   2.18e-09          .        .       .         
>    .                                                        
>                .
Other White  |   3.16e+10   4.79e+10    15.93   0.000     1.61
> e+09                                                        
>         6.19e+11
White + C..  |   2.47e-09          .        .       .         
>    .                                                        
>                .
White + A..  |   2.03e-09          .        .       .         
>    .                                                        
>                .
White + A..  |   2.11e-09          .        .       .         
>    .                                                        
>                .
Other mixed  |   4.45e-09          .        .       .         
>    .                                                        
>                .
     Indian  |   2.71e-09          .        .       .         
>    .                                                        
>                .
  Pakistani  |   4.48e+10          .        .       .         
>    .                                                        
>                .
Bangladeshi  |   2.64e-09          .        .       .         
>    .                                                        
>                .
Other Asian  |   2.31e-09          .        .       .         
>    .                                                        
>                .
  Caribbean  |   2.49e-09          .        .       .         
>    .                                                        
>                .
    African  |   2.32e+10   3.68e+10    15.05   0.000     1.04
> e+09                                                        
>         5.19e+11
Other Black  |   8.96e-10          .        .       .         
>    .                                                        
>                .
    Chinese  |   2.07e-09          .        .       .         
>    .                                                        
>                .
      Other  |   1.21e-09          .        .       .         
>    .                                                        
>                .
    Unknown  |   4.35e+09   6.79e+09    14.22   0.000     2.04
> e+08                                                        
>         9.28e+10
             |
        male |
       Male  |   .2682607   .3235817    -1.09   0.275     .025
> 2244                                                        
>          2.85295
        age1 |   .6434441   .1799626    -1.58   0.115      .37
> 1913                                                        
>         1.113218
        age2 |   4.234146   4.706767     1.30   0.194     .479
> 2388                                                        
>          37.4093
        age3 |   .0460308    .120369    -1.18   0.239     .000
> 2736                                                        
>         7.743057
             |
         imd |
          4  |   4.008192   4.476594     1.24   0.214     .449
> 0294                                                        
>         35.77852
5 most de..  |   2.78e-19          .        .       .         
>    .                                                        
>                .
--------------------------------------------------------------
> ----------------
                                             Stratified by stp

. if _rc==0{
. estimates

--------------------------------------------------------------
active results
--------------------------------------------------------------

Stratified Cox regr. -- no ties

No. of subjects =        6,668                  Number of obs 
>    =       6,668
No. of failures =            4
Time at risk    =      1226407
                                                LR chi2(8)    
>    =       22.11
Log likelihood  =   -15.008339                  Prob > chi2   
>    =      0.0047

--------------------------------------------------------------
> ----------------
          _t | Haz. Ratio   Std. Err.      z    P>|z|     [95%
>  Con                                                        
>     f. Interval]
-------------+------------------------------------------------
> ----------------
ethnicity_16 |
      Irish  |   2.18e-09          .        .       .         
>    .                                                        
>                .
Other White  |   3.16e+10   4.79e+10    15.93   0.000     1.61
> e+09                                                        
>         6.19e+11
White + C..  |   2.47e-09          .        .       .         
>    .                                                        
>                .
White + A..  |   2.03e-09          .        .       .         
>    .                                                        
>                .
White + A..  |   2.11e-09          .        .       .         
>    .                                                        
>                .
Other mixed  |   4.45e-09          .        .       .         
>    .                                                        
>                .
     Indian  |   2.71e-09          .        .       .         
>    .                                                        
>                .
  Pakistani  |   4.48e+10          .        .       .         
>    .                                                        
>                .
Bangladeshi  |   2.64e-09          .        .       .         
>    .                                                        
>                .
Other Asian  |   2.31e-09          .        .       .         
>    .                                                        
>                .
  Caribbean  |   2.49e-09          .        .       .         
>    .                                                        
>                .
    African  |   2.32e+10   3.68e+10    15.05   0.000     1.04
> e+09                                                        
>         5.19e+11
Other Black  |   8.96e-10          .        .       .         
>    .                                                        
>                .
    Chinese  |   2.07e-09          .        .       .         
>    .                                                        
>                .
      Other  |   1.21e-09          .        .       .         
>    .                                                        
>                .
    Unknown  |   4.35e+09   6.79e+09    14.22   0.000     2.04
> e+08                                                        
>         9.28e+10
             |
        male |
       Male  |   .2682607   .3235817    -1.09   0.275     .025
> 2244                                                        
>          2.85295
        age1 |   .6434441   .1799626    -1.58   0.115      .37
> 1913                                                        
>         1.113218
        age2 |   4.234146   4.706767     1.30   0.194     .479
> 2388                                                        
>          37.4093
        age3 |   .0460308    .120369    -1.18   0.239     .000
> 2736                                                        
>         7.743057
             |
         imd |
          4  |   4.008192   4.476594     1.24   0.214     .449
> 0294                                                        
>         35.77852
5 most de..  |   2.78e-19          .        .       .         
>    .                                                        
>                .
--------------------------------------------------------------
> ----------------
                                             Stratified by stp
. estimates save ./output/model1_`i'_eth16, replace 
(note: file ./output/model1__eth16.ster not found)
file ./output/model1__eth16.ster saved
. eststo model3
. 
. parmest, label eform format(estimate p lb ub) saving(./outpu
> t/model1_`i'_eth16, replace) idstr("model1_`i'_eth16") 
(note: file ./output/model1__eth16.dta not found)
file ./output/model1__eth16.dta saved
. local hr "`hr' ./output/model1_`i'_eth16 "
. }

. else di "WARNING MODEL1 DID NOT FIT (OUTCOME `i')"

. 
. * Age, Gender, IMD and Comorbidities 
. stcox i.ethnicity_16 i.male age1 age2 age3      i.imd       
>                                     ///
>                                                             
>                     i.bmicat_sa     i.hba1ccat              
>         ///
>                                                             
>                     gp_consult_count                        
> ///
>                                                             
>                     i.smoke_nomiss                          
> ///
>                                                             
>                     i.hypertension i.bp_cat         ///     
>                                                             
>                     i.asthma                                
>         ///
>                                                             
>                     i.chronic_respiratory_disease ///
>                                                             
>                     i.chronic_cardiac_disease       ///
>                                                             
>                     i.dm_type                               
>         ///     
>                                                             
>                     i.cancer                    ///
>                                                             
>                     i.chronic_liver_disease         ///
>                                                             
>                     i.stroke                                
>         ///
>                                                             
>                     i.dementia                              
>         ///
>                                                             
>                     i.other_neuro                           
> ///
>                                                             
>                     i.egfr60                                
>         ///
>                                                             
>                     i.esrf                                  
>         ///
>                                                             
>                     i.immunosuppressed                      
> ///
>                                                             
>                     i.ra_sle_psoriasis, strata(stp) nolog   
>         

         failure _d:  onsconfirmeddeath
   analysis time _t:  (stime_onsconfirmeddeath-origin)
             origin:  time indexdate
  enter on or after:  time indexdate
                 id:  patient_id

Stratified Cox regr. -- no ties

No. of subjects =        6,668                  Number of obs 
>    =       6,668
No. of failures =            4
Time at risk    =      1226407
                                                LR chi2(40)   
>    =       52.12
Log likelihood  =   -6.821e-13                  Prob > chi2   
>    =      0.0949

--------------------------------------------------------------
> ----------------
          _t | Haz. Ratio   Std. Err.      z    P>|z|     [95%
>  Con                                                        
>     f. Interval]
-------------+------------------------------------------------
> ----------------
ethnicity_16 |
      Irish  |   2.33e+23   4.46e+31     0.00   1.000         
>    0                                                        
>                .
Other White  |   1.08e+25   1.64e+33     0.00   1.000         
>    0                                                        
>                .
White + C..  |   1.77e+13          .        .       .         
>    .                                                        
>                .
White + A..  |   1.02e+15   2.22e+24     0.00   1.000         
>    0                                                        
>                .
White + A..  |   1.50e-13          .        .       .         
>    .                                                        
>                .
Other mixed  |   2631.858          .        .       .         
>    .                                                        
>                .
     Indian  |   1.76e-21          .        .       .         
>    .                                                        
>                .
  Pakistani  |   6.88e+39   1.38e+48     0.00   1.000         
>    0                                                        
>                .
Bangladeshi  |   5.99e+08   2.28e+17     0.00   1.000         
>    0                                                        
>                .
Other Asian  |   1.63e+13          .        .       .         
>    .                                                        
>                .
  Caribbean  |   4.04e-09   5.103183    -0.00   1.000         
>    0                                                        
>                .
    African  |   4.69e+22   1.10e+31     0.00   1.000         
>    0                                                        
>                .
Other Black  |   8.83e+19   2.30e+28     0.00   1.000         
>    0                                                        
>                .
    Chinese  |   2.64e-08          .        .       .         
>    .                                                        
>                .
      Other  |   1.55e-57          .        .       .         
>    .                                                        
>                .
    Unknown  |    .066014    7996717    -0.00   1.000         
>    0                                                        
>                .
             |
        male |
       Male  |   5.30e-11   .0025664    -0.00   1.000         
>    0                                                        
>                .
        age1 |   .0025644   3608.593    -0.00   1.000         
>    0                                                        
>                .
        age2 |   789387.4   1.53e+12     0.00   1.000         
>    0                                                        
>                .
        age3 |   2.92e-10   .0011442    -0.00   1.000         
>    0                                                        
>                .
             |
         imd |
          4  |   3.13e+15   9.11e+22     0.00   1.000         
>    0                                                        
>                .
5 most de..  |   267436.1   1.38e+13     0.00   1.000         
>    0                                                        
>                .
             |
   bmicat_sa |
Normal (..)  |   3.36e+31   3.84e+39     0.00   1.000         
>    0                                                        
>                .
Overweig..)  |   2.23e+11   1.70e+19     0.00   1.000         
>    0                                                        
>                .
Obese I ..)  |   3.89e+38   2.04e+46     0.00   1.000         
>    0                                                        
>                .
Obese II..)  |   17449.13          .        .       .         
>    .                                                        
>                .
Obese II..)  |   4.26e+25   2.97e+33     0.00   1.000         
>    0                                                        
>                .
    Unknown  |   1.900808   1.48e+08     0.00   1.000         
>    0                                                        
>                .
             |
    hba1ccat |
  >=6.5-7.4  |   793.7861   3.63e+10     0.00   1.000         
>    0                                                        
>                .
  >=7.5-7.9  |   3.14e+10   1.45e+18     0.00   1.000         
>    0                                                        
>                .
    >=8-8.9  |   7.79e+08   3.04e+16     0.00   1.000         
>    0                                                        
>                .
        >=9  |   8.85e+08          .        .       .         
>    .                                                        
>                .
    Unknown  |   1.50e+56          .        .       .         
>    .                                                        
>                .
             |
gp_consult~t |   638.2991   7.27e+09     0.00   1.000         
>    0                                                        
>                .
             |
smoke_nomiss |
     Former  |   .0616795   1.29e+07    -0.00   1.000         
>    0                                                        
>                .
    Current  |   4.683156   1.87e+08     0.00   1.000         
>    0                                                        
>                .
             |
1.hyperten~n |   2.49e-23   5.92e-15    -0.00   1.000         
>    0                                                        
>                .
             |
      bp_cat |
High, sta..  |   4.79e+59          .        .       .         
>    .                                                        
>                .
    Unknown  |   1.10e+26          .        .       .         
>    .                                                        
>                .
             |
    1.asthma |   1.19e-17          .        .       .         
>    .                                                        
>                .
1.~y_disease |   1.43e-10   .0041057    -0.00   1.000         
>    0                                                        
>                .
1.~c_disease |    .000104   11211.26    -0.00   1.000         
>    0                                                        
>                .
             |
     dm_type |
       T1DM  |   4.48e+14   3.34e+22     0.00   1.000         
>    0                                                        
>                .
       T2DM  |   1.44e+19   9.85e+26     0.00   1.000         
>    0                                                        
>                .
 UNKNOWN_DM  |   7.62e+13   1.04e+22     0.00   1.000         
>    0                                                        
>                .
             |
    1.cancer |   1.26e-24   1.39e-16    -0.00   1.000         
>    0                                                        
>                .
1.~r_disease |   1.17e+29   5.56e+36     0.00   1.000         
>    0                                                        
>                .
    1.stroke |   1.24e+08   1.45e+16     0.00   1.000         
>    0                                                        
>                .
  1.dementia |   2.92e-49          .        .       .         
>    .                                                        
>                .
1.other_ne~o |   3.83e+17   2.35e+25     0.00   1.000         
>    0                                                        
>                .
             |
      egfr60 |
   eGFR <60  |   2.26e+23   1.88e+31     0.00   1.000         
>    0                                                        
>                .
      1.esrf |   3.58e+08   3.14e+16     0.00   1.000         
>    0                                                        
>                .
1.immunosu~d |   1.516122   6.43e+07     0.00   1.000         
>    0                                                        
>                .
1.ra_sle_p~s |   1.54e-17   3.14e-09    -0.00   1.000         
>    0                                                        
>                .
--------------------------------------------------------------
> ----------------
                                             Stratified by stp

. if _rc==0{
. estimates

--------------------------------------------------------------
active results
--------------------------------------------------------------

Stratified Cox regr. -- no ties

No. of subjects =        6,668                  Number of obs 
>    =       6,668
No. of failures =            4
Time at risk    =      1226407
                                                LR chi2(40)   
>    =       52.12
Log likelihood  =   -6.821e-13                  Prob > chi2   
>    =      0.0949

--------------------------------------------------------------
> ----------------
          _t | Haz. Ratio   Std. Err.      z    P>|z|     [95%
>  Con                                                        
>     f. Interval]
-------------+------------------------------------------------
> ----------------
ethnicity_16 |
      Irish  |   2.33e+23   4.46e+31     0.00   1.000         
>    0                                                        
>                .
Other White  |   1.08e+25   1.64e+33     0.00   1.000         
>    0                                                        
>                .
White + C..  |   1.77e+13          .        .       .         
>    .                                                        
>                .
White + A..  |   1.02e+15   2.22e+24     0.00   1.000         
>    0                                                        
>                .
White + A..  |   1.50e-13          .        .       .         
>    .                                                        
>                .
Other mixed  |   2631.858          .        .       .         
>    .                                                        
>                .
     Indian  |   1.76e-21          .        .       .         
>    .                                                        
>                .
  Pakistani  |   6.88e+39   1.38e+48     0.00   1.000         
>    0                                                        
>                .
Bangladeshi  |   5.99e+08   2.28e+17     0.00   1.000         
>    0                                                        
>                .
Other Asian  |   1.63e+13          .        .       .         
>    .                                                        
>                .
  Caribbean  |   4.04e-09   5.103183    -0.00   1.000         
>    0                                                        
>                .
    African  |   4.69e+22   1.10e+31     0.00   1.000         
>    0                                                        
>                .
Other Black  |   8.83e+19   2.30e+28     0.00   1.000         
>    0                                                        
>                .
    Chinese  |   2.64e-08          .        .       .         
>    .                                                        
>                .
      Other  |   1.55e-57          .        .       .         
>    .                                                        
>                .
    Unknown  |    .066014    7996717    -0.00   1.000         
>    0                                                        
>                .
             |
        male |
       Male  |   5.30e-11   .0025664    -0.00   1.000         
>    0                                                        
>                .
        age1 |   .0025644   3608.593    -0.00   1.000         
>    0                                                        
>                .
        age2 |   789387.4   1.53e+12     0.00   1.000         
>    0                                                        
>                .
        age3 |   2.92e-10   .0011442    -0.00   1.000         
>    0                                                        
>                .
             |
         imd |
          4  |   3.13e+15   9.11e+22     0.00   1.000         
>    0                                                        
>                .
5 most de..  |   267436.1   1.38e+13     0.00   1.000         
>    0                                                        
>                .
             |
   bmicat_sa |
Normal (..)  |   3.36e+31   3.84e+39     0.00   1.000         
>    0                                                        
>                .
Overweig..)  |   2.23e+11   1.70e+19     0.00   1.000         
>    0                                                        
>                .
Obese I ..)  |   3.89e+38   2.04e+46     0.00   1.000         
>    0                                                        
>                .
Obese II..)  |   17449.13          .        .       .         
>    .                                                        
>                .
Obese II..)  |   4.26e+25   2.97e+33     0.00   1.000         
>    0                                                        
>                .
    Unknown  |   1.900808   1.48e+08     0.00   1.000         
>    0                                                        
>                .
             |
    hba1ccat |
  >=6.5-7.4  |   793.7861   3.63e+10     0.00   1.000         
>    0                                                        
>                .
  >=7.5-7.9  |   3.14e+10   1.45e+18     0.00   1.000         
>    0                                                        
>                .
    >=8-8.9  |   7.79e+08   3.04e+16     0.00   1.000         
>    0                                                        
>                .
        >=9  |   8.85e+08          .        .       .         
>    .                                                        
>                .
    Unknown  |   1.50e+56          .        .       .         
>    .                                                        
>                .
             |
gp_consult~t |   638.2991   7.27e+09     0.00   1.000         
>    0                                                        
>                .
             |
smoke_nomiss |
     Former  |   .0616795   1.29e+07    -0.00   1.000         
>    0                                                        
>                .
    Current  |   4.683156   1.87e+08     0.00   1.000         
>    0                                                        
>                .
             |
1.hyperten~n |   2.49e-23   5.92e-15    -0.00   1.000         
>    0                                                        
>                .
             |
      bp_cat |
High, sta..  |   4.79e+59          .        .       .         
>    .                                                        
>                .
    Unknown  |   1.10e+26          .        .       .         
>    .                                                        
>                .
             |
    1.asthma |   1.19e-17          .        .       .         
>    .                                                        
>                .
1.~y_disease |   1.43e-10   .0041057    -0.00   1.000         
>    0                                                        
>                .
1.~c_disease |    .000104   11211.26    -0.00   1.000         
>    0                                                        
>                .
             |
     dm_type |
       T1DM  |   4.48e+14   3.34e+22     0.00   1.000         
>    0                                                        
>                .
       T2DM  |   1.44e+19   9.85e+26     0.00   1.000         
>    0                                                        
>                .
 UNKNOWN_DM  |   7.62e+13   1.04e+22     0.00   1.000         
>    0                                                        
>                .
             |
    1.cancer |   1.26e-24   1.39e-16    -0.00   1.000         
>    0                                                        
>                .
1.~r_disease |   1.17e+29   5.56e+36     0.00   1.000         
>    0                                                        
>                .
    1.stroke |   1.24e+08   1.45e+16     0.00   1.000         
>    0                                                        
>                .
  1.dementia |   2.92e-49          .        .       .         
>    .                                                        
>                .
1.other_ne~o |   3.83e+17   2.35e+25     0.00   1.000         
>    0                                                        
>                .
             |
      egfr60 |
   eGFR <60  |   2.26e+23   1.88e+31     0.00   1.000         
>    0                                                        
>                .
      1.esrf |   3.58e+08   3.14e+16     0.00   1.000         
>    0                                                        
>                .
1.immunosu~d |   1.516122   6.43e+07     0.00   1.000         
>    0                                                        
>                .
1.ra_sle_p~s |   1.54e-17   3.14e-09    -0.00   1.000         
>    0                                                        
>                .
--------------------------------------------------------------
> ----------------
                                             Stratified by stp
. estimates save ./output/model2_`i'_eth16, replace 
(note: file ./output/model2__eth16.ster not found)
file ./output/model2__eth16.ster saved
. eststo model4
. 
. parmest, label eform format(estimate p lb ub) saving(./outpu
> t/model2_`i'_eth16, replace) idstr("model2_`i'_eth16") 
(note: file ./output/model2__eth16.dta not found)
file ./output/model2__eth16.dta saved
. local hr "`hr' ./output/model2_`i'_eth16 "
. }

. else di "WARNING MODEL2 DID NOT FIT (OUTCOME `i')"

. 
.                                                             
>                     
. * Age, Gender, IMD and Comorbidities  and household size 
. stcox i.ethnicity_16 i.male age1 age2 age3      i.imd       
>                                     ///
>                                                             
>                     i.bmicat_sa     i.hba1ccat              
>         ///
>                                                             
>                     gp_consult_count                        
> ///
>                                                             
>                     i.smoke_nomiss                          
> ///
>                                                             
>                     i.hypertension i.bp_cat         ///     
>                                                             
>                     i.asthma                                
>         ///
>                                                             
>                     i.chronic_respiratory_disease ///
>                                                             
>                     i.chronic_cardiac_disease       ///
>                                                             
>                     i.dm_type                               
>         ///     
>                                                             
>                     i.cancer                    ///
>                                                             
>                     i.chronic_liver_disease         ///
>                                                             
>                     i.stroke                                
>         ///
>                                                             
>                     i.dementia                              
>         ///
>                                                             
>                     i.other_neuro                           
> ///
>                                                             
>                     i.egfr60                                
>         ///
>                                                             
>                     i.esrf                                  
>         ///
>                                                             
>                     i.immunosuppressed                      
> ///
>                                                             
>                     i.ra_sle_psoriasis                      
> ///
>                                                             
>                     i.hh_total_cat, strata(stp) nolog       
>         

         failure _d:  onsconfirmeddeath
   analysis time _t:  (stime_onsconfirmeddeath-origin)
             origin:  time indexdate
  enter on or after:  time indexdate
                 id:  patient_id

Stratified Cox regr. -- no ties

No. of subjects =        6,668                  Number of obs 
>    =       6,668
No. of failures =            4
Time at risk    =      1226407
                                                LR chi2(37)   
>    =       52.12
Log likelihood  =   -7.239e-14                  Prob > chi2   
>    =      0.0507

--------------------------------------------------------------
> ----------------
          _t | Haz. Ratio   Std. Err.      z    P>|z|     [95%
>  Con                                                        
>     f. Interval]
-------------+------------------------------------------------
> ----------------
ethnicity_16 |
      Irish  |   1.00e+10   1.54e+18     0.00   1.000         
>    0                                                        
>                .
Other White  |   9.50e+34   1.85e+43     0.00   1.000         
>    0                                                        
>                .
White + C..  |   2.27e+20   6.81e+28     0.00   1.000         
>    0                                                        
>                .
White + A..  |   3.02e-20          .        .       .         
>    .                                                        
>                .
White + A..  |   2.56e+17   3.00e+25     0.00   1.000         
>    0                                                        
>                .
Other mixed  |   .0012766          .        .       .         
>    .                                                        
>                .
     Indian  |   2496.591   9.23e+11     0.00   1.000         
>    0                                                        
>                .
  Pakistani  |   4.91e+27          .        .       .         
>    .                                                        
>                .
Bangladeshi  |   4.88e+21   2.77e+30     0.00   1.000         
>    0                                                        
>                .
Other Asian  |   1.16e+12   2.98e+21     0.00   1.000         
>    0                                                        
>                .
  Caribbean  |   71.07042   2.16e+11     0.00   1.000         
>    0                                                        
>                .
    African  |   3.89e+29   6.12e+37     0.00   1.000         
>    0                                                        
>                .
Other Black  |   1.26e+13   9.88e+21     0.00   1.000         
>    0                                                        
>                .
    Chinese  |   13.32799          .        .       .         
>    .                                                        
>                .
      Other  |   265021.3   3.15e+13     0.00   1.000         
>    0                                                        
>                .
    Unknown  |   168703.9   2.61e+13     0.00   1.000         
>    0                                                        
>                .
             |
        male |
       Male  |   7.36e-06          .        .       .         
>    .                                                        
>                .
        age1 |   .0006282   1374.251    -0.00   1.000         
>    0                                                        
>                .
        age2 |   956845.2   2.38e+12     0.00   1.000         
>    0                                                        
>                .
        age3 |   6.50e-09          .        .       .         
>    .                                                        
>                .
             |
         imd |
          4  |   2.46e+13          .        .       .         
>    .                                                        
>                .
5 most de..  |   1.23e-13   .0000104    -0.00   1.000         
>    0                                                        
>                .
             |
   bmicat_sa |
Normal (..)  |   5.66e+16          .        .       .         
>    .                                                        
>                .
Overweig..)  |   .0766292          .        .       .         
>    .                                                        
>                .
Obese I ..)  |   3.00e+22   2.93e+30     0.00   1.000         
>    0                                                        
>                .
Obese II..)  |   1.85e-15   5.32e-06    -0.00   1.000         
>    0                                                        
>                .
Obese II..)  |   3.46e+10          .        .       .         
>    .                                                        
>                .
    Unknown  |   3.63e-07   32.76642    -0.00   1.000         
>    0                                                        
>                .
             |
    hba1ccat |
  >=6.5-7.4  |   51.56871   7.68e+09     0.00   1.000         
>    0                                                        
>                .
  >=7.5-7.9  |   5.54e+13   5.19e+21     0.00   1.000         
>    0                                                        
>                .
    >=8-8.9  |   3.04e+08   2.43e+16     0.00   1.000         
>    0                                                        
>                .
        >=9  |   2.51e+11   1.23e+20     0.00   1.000         
>    0                                                        
>                .
    Unknown  |   250.1056          .        .       .         
>    .                                                        
>                .
             |
gp_consult~t |   .0533324   894128.2    -0.00   1.000         
>    0                                                        
>                .
             |
smoke_nomiss |
     Former  |   3.23e+16          .        .       .         
>    .                                                        
>                .
    Current  |   3.74e-09   2.708166    -0.00   1.000         
>    0                                                        
>                .
             |
1.hyperten~n |   6.52e-13   .0000792    -0.00   1.000         
>    0                                                        
>                .
             |
      bp_cat |
High, sta..  |   .0128768          .        .       .         
>    .                                                        
>                .
    Unknown  |   6197.764   8.72e+11     0.00   1.000         
>    0                                                        
>                .
             |
    1.asthma |   1.81e-06          .        .       .         
>    .                                                        
>                .
1.~y_disease |   .0012463          .        .       .         
>    .                                                        
>                .
1.~c_disease |   6.53e+07   8.48e+15     0.00   1.000         
>    0                                                        
>                .
             |
     dm_type |
       T1DM  |   285438.9   8.55e+14     0.00   1.000         
>    0                                                        
>                .
       T2DM  |   3.86e+17   4.44e+25     0.00   1.000         
>    0                                                        
>                .
 UNKNOWN_DM  |   2.04e+28          .        .       .         
>    .                                                        
>                .
             |
    1.cancer |   4.86e-47   5.90e-38    -0.00   1.000         
>    0                                                        
>                .
1.~r_disease |   1.32e+22   1.21e+30     0.00   1.000         
>    0                                                        
>                .
    1.stroke |   3.37e+09   2.53e+17     0.00   1.000         
>    0                                                        
>                .
  1.dementia |   1.08e-15   1.06e-07    -0.00   1.000         
>    0                                                        
>                .
1.other_ne~o |   5.96e+09   3.66e+17     0.00   1.000         
>    0                                                        
>                .
             |
      egfr60 |
   eGFR <60  |   1.42e-12          .        .       .         
>    .                                                        
>                .
      1.esrf |   .2714504   4.77e+07    -0.00   1.000         
>    0                                                        
>                .
1.immunosu~d |   4.81e-08   4.247134    -0.00   1.000         
>    0                                                        
>                .
1.ra_sle_p~s |   2.48e-11   .0034498    -0.00   1.000         
>    0                                                        
>                .
             |
hh_total_cat |
       6-10  |   .4755382          .        .       .         
>    .                                                        
>                .
        11+  |   2.40e+31          .        .       .         
>    .                                                        
>                .
--------------------------------------------------------------
> ----------------
                                             Stratified by stp

. estimates save ./output/model3_`i'_eth16, replace
(note: file ./output/model3__eth16.ster not found)
file ./output/model3__eth16.ster saved

. eststo model5

. 
. parmest, label eform format(estimate p lb ub) saving(./outpu
> t/model3_`i'_eth16, replace) idstr("model3_`i'_eth16") 
(note: file ./output/model3__eth16.dta not found)
file ./output/model3__eth16.dta saved

. local hr "`hr' ./output/model3_`i'_eth16 "

. 
. 
. 
. /* Estout===================================================
> =============*/ 
. esttab model1 model2 model3 model4 model5 using "$Tabfigdir/
> estout_table2_eth16_onsconfirmeddeath.txt", b(a2) ci(2) labe
> l wide compress eform ///
>         title ("`i'") ///
>         varlabels(`e(labels)') ///
>         stats(N_sub) ///
>         append 
(note: file /estout_table2_eth16_onsconfirmeddeath.txt not fou
> nd)
file /estout_table2_eth16_onsconfirmeddeath.txt could not be
    opened
r(603);

end of do-file

r(603);

